Component: ARM Compiler 5.06 update 6 (build 750) Tool: armlink [4d35ed]

==============================================================================

Section Cross References

    main.o(i.Hardware_Init) refers to misc.o(i.NVIC_PriorityGroupConfig) for NVIC_PriorityGroupConfig
    main.o(i.Hardware_Init) refers to oled.o(i.GB16_NUM) for GB16_NUM
    main.o(i.Hardware_Init) refers to delay.o(i.delay_init) for delay_init
    main.o(i.Hardware_Init) refers to timer.o(i.GENERAL_TIM_Init) for GENERAL_TIM_Init
    main.o(i.Hardware_Init) refers to usart.o(i.Usart1_Init) for Usart1_Init
    main.o(i.Hardware_Init) refers to usart2.o(i.Usart2_Init) for Usart2_Init
    main.o(i.Hardware_Init) refers to esp8266.o(i.Usart3_Init) for Usart3_Init
    main.o(i.Hardware_Init) refers to led.o(i.System_PB34_setIO) for System_PB34_setIO
    main.o(i.Hardware_Init) refers to led.o(i.LED_Init) for LED_Init
    main.o(i.Hardware_Init) refers to level.o(i.Level_GPIO_Config) for Level_GPIO_Config
    main.o(i.Hardware_Init) refers to relay.o(i.RELAY_GPIO_Config) for RELAY_GPIO_Config
    main.o(i.Hardware_Init) refers to sg90.o(i.TIM3_PWM_Init) for TIM3_PWM_Init
    main.o(i.Hardware_Init) refers to adc.o(i.ADCx_Init) for ADCx_Init
    main.o(i.Hardware_Init) refers to dht11.o(i.DHT11_GPIO_Config) for DHT11_GPIO_Config
    main.o(i.Hardware_Init) refers to key.o(i.Key_GPIO_Config) for Key_GPIO_Config
    main.o(i.Hardware_Init) refers to jr6001.o(i.JR6001_Init) for JR6001_Init
    main.o(i.Hardware_Init) refers to oled.o(i.OLED_Init) for OLED_Init
    main.o(i.Hardware_Init) refers to oled.o(i.OLED_ColorTurn) for OLED_ColorTurn
    main.o(i.Hardware_Init) refers to oled.o(i.OLED_DisplayTurn) for OLED_DisplayTurn
    main.o(i.Hardware_Init) refers to delay.o(i.delay_ms) for delay_ms
    main.o(i.Hardware_Init) refers to git.o(i.Reset_Threshole_Value) for Reset_Threshole_Value
    main.o(i.Hardware_Init) refers to oled.o(i.OLED_Clear) for OLED_Clear
    main.o(i.Hardware_Init) refers to oled.o(.data) for HZ
    main.o(i.Hardware_Init) refers to git.o(.data) for device_state_init
    main.o(i.Net_Init) refers to oled.o(i.OLED_Clear) for OLED_Clear
    main.o(i.Net_Init) refers to printfa.o(i.__0sprintf) for __2sprintf
    main.o(i.Net_Init) refers to oled.o(i.OLED_ShowCH) for OLED_ShowCH
    main.o(i.Net_Init) refers to esp8266.o(i.ESP8266_Init) for ESP8266_Init
    main.o(i.Net_Init) refers to delay.o(i.delay_ms) for delay_ms
    main.o(i.Net_Init) refers to onenet.o(i.DevLink) for DevLink
    main.o(i.Net_Init) refers to onenet.o(i.Subscribe) for Subscribe
    main.o(i.Net_Init) refers to main.o(.bss) for str
    main.o(i.Net_Init) refers to main.o(.data) for topics
    main.o(i.Net_Init) refers to onenet.o(.data) for Connect_Net
    main.o(i.SoftWare_Init) refers to task.o(i.timer_init) for timer_init
    main.o(i.SoftWare_Init) refers to task.o(i.timer_start) for timer_start
    main.o(i.SoftWare_Init) refers to main.o(i.task1) for task1
    main.o(i.SoftWare_Init) refers to main.o(.bss) for task1_id
    main.o(i.SoftWare_Init) refers to main.o(i.task2) for task2
    main.o(i.SoftWare_Init) refers to main.o(i.task3) for task3
    main.o(i.main) refers to main.o(i.SoftWare_Init) for SoftWare_Init
    main.o(i.main) refers to main.o(i.Hardware_Init) for Hardware_Init
    main.o(i.main) refers to main.o(i.Net_Init) for Net_Init
    main.o(i.main) refers to stm32f10x_tim.o(i.TIM_Cmd) for TIM_Cmd
    main.o(i.main) refers to task.o(i.timer_loop) for timer_loop
    main.o(i.main) refers to esp8266.o(i.ESP8266_GetIPD) for ESP8266_GetIPD
    main.o(i.main) refers to onenet.o(i.OneNet_RevPro) for OneNet_RevPro
    main.o(i.main) refers to git.o(i.Check_Key_ON_OFF) for Check_Key_ON_OFF
    main.o(i.main) refers to timer.o(.data) for time25ms
    main.o(i.task1) refers to git.o(i.Automation_Close) for Automation_Close
    main.o(i.task2) refers to oled.o(i.OLED_Clear) for OLED_Clear
    main.o(i.task2) refers to printfa.o(i.__0sprintf) for __2sprintf
    main.o(i.task2) refers to oled.o(i.OLED_ShowCH) for OLED_ShowCH
    main.o(i.task2) refers to esp8266.o(i.ESP8266_Init) for ESP8266_Init
    main.o(i.task2) refers to delay.o(i.delay_ms) for delay_ms
    main.o(i.task2) refers to onenet.o(i.DevLink) for DevLink
    main.o(i.task2) refers to onenet.o(i.Subscribe) for Subscribe
    main.o(i.task2) refers to git.o(i.Read_Data) for Read_Data
    main.o(i.task2) refers to git.o(i.Update_oled_massage) for Update_oled_massage
    main.o(i.task2) refers to git.o(i.Update_device_massage) for Update_device_massage
    main.o(i.task2) refers to onenet.o(.data) for Connect_Net
    main.o(i.task2) refers to main.o(.bss) for str
    main.o(i.task2) refers to main.o(.data) for topics
    main.o(i.task2) refers to git.o(.bss) for Data_init
    main.o(i.task3) refers to onenet.o(.data) for Connect_Net
    main.o(i.task3) refers to git.o(.bss) for Data_init
[...]
    i.TIM_SetCompare3                        0x0800446e   Section        0  stm32f10x_tim.o(i.TIM_SetCompare3)
    i.TIM_SetCompare4                        0x08004472   Section        0  stm32f10x_tim.o(i.TIM_SetCompare4)
    i.TIM_TimeBaseInit                       0x08004478   Section        0  stm32f10x_tim.o(i.TIM_TimeBaseInit)
    i.TimeModule_get                         0x0800451c   Section        0  timer.o(i.TimeModule_get)
    TimeModule_get                           0x0800451d   Thumb Code    14  timer.o(i.TimeModule_get)
    i.USART1_IRQHandler                      0x08004530   Section        0  usart.o(i.USART1_IRQHandler)
    i.USART2_IRQHandler                      0x080045b8   Section        0  usart2.o(i.USART2_IRQHandler)
    i.USART3_IRQHandler                      0x08004650   Section        0  esp8266.o(i.USART3_IRQHandler)
    i.USART_ClearFlag                        0x0800469c   Section        0  stm32f10x_usart.o(i.USART_ClearFlag)
    i.USART_Cmd                              0x080046ae   Section        0  stm32f10x_usart.o(i.USART_Cmd)
    i.USART_DeInit                           0x080046c8   Section        0  stm32f10x_usart.o(i.USART_DeInit)
    i.USART_GetFlagStatus                    0x08004764   Section        0  stm32f10x_usart.o(i.USART_GetFlagStatus)
    i.USART_GetITStatus                      0x0800477e   Section        0  stm32f10x_usart.o(i.USART_GetITStatus)
    i.USART_ITConfig                         0x080047d2   Section        0  stm32f10x_usart.o(i.USART_ITConfig)
    i.USART_Init                             0x0800481c   Section        0  stm32f10x_usart.o(i.USART_Init)
    i.USART_ReceiveData                      0x080048f4   Section        0  stm32f10x_usart.o(i.USART_ReceiveData)
    i.USART_SendData                         0x080048fe   Section        0  stm32f10x_usart.o(i.USART_SendData)
    i.Update_device_massage                  0x08004908   Section        0  git.o(i.Update_device_massage)
    i.Update_oled_massage                    0x08004a18   Section        0  git.o(i.Update_oled_massage)
    i.UsageFault_Handler                     0x08004b90   Section        0  stm32f10x_it.o(i.UsageFault_Handler)
    i.Usart1_Init                            0x08004b94   Section        0  usart.o(i.Usart1_Init)
    i.Usart2_Init                            0x08004c34   Section        0  usart2.o(i.Usart2_Init)
    i.Usart3_Init                            0x08004ce4   Section        0  esp8266.o(i.Usart3_Init)
    i.Usart3_SendString                      0x08004d90   Section        0  esp8266.o(i.Usart3_SendString)
    i.__0printf                              0x08004dc0   Section        0  printfa.o(i.__0printf)
    i.__0sprintf                             0x08004de0   Section        0  printfa.o(i.__0sprintf)
    i.__free$realloc                         0x08004e08   Section        0  mallocr.o(i.__free$realloc)
    i.__malloc$realloc                       0x08004e64   Section        0  mallocr.o(i.__malloc$realloc)
    i.__scatterload_copy                     0x08004eb4   Section       14  handlers.o(i.__scatterload_copy)
    i.__scatterload_null                     0x08004ec2   Section        2  handlers.o(i.__scatterload_null)
    i.__scatterload_zeroinit                 0x08004ec4   Section       14  handlers.o(i.__scatterload_zeroinit)
    i._fp_digits                             0x08004ed4   Section        0  printfa.o(i._fp_digits)
    _fp_digits                               0x08004ed5   Thumb Code   366  printfa.o(i._fp_digits)
    i._is_digit                              0x08005058   Section        0  scanf_fp.o(i._is_digit)
    i._printf_core                           0x08005068   Section        0  printfa.o(i._printf_core)
    _printf_core                             0x08005069   Thumb Code  1744  printfa.o(i._printf_core)
    i._printf_post_padding                   0x08005744   Section        0  printfa.o(i._printf_post_padding)
    _printf_post_padding                     0x08005745   Thumb Code    36  printfa.o(i._printf_post_padding)
    i._printf_pre_padding                    0x08005768   Section        0  printfa.o(i._printf_pre_padding)
    _printf_pre_padding                      0x08005769   Thumb Code    46  printfa.o(i._printf_pre_padding)
    i._sputc                                 0x08005796   Section        0  printfa.o(i._sputc)
    _sputc                                   0x08005797   Thumb Code    10  printfa.o(i._sputc)
    i.buffer_skip_whitespace                 0x080057a0   Section        0  cjson.o(i.buffer_skip_whitespace)
    buffer_skip_whitespace                   0x080057a1   Thumb Code    72  cjson.o(i.buffer_skip_whitespace)
    i.cJSON_Delete                           0x080057e8   Section        0  cjson.o(i.cJSON_Delete)
    i.cJSON_GetObjectItem                    0x08005840   Section        0  cjson.o(i.cJSON_GetObjectItem)
    i.cJSON_New_Item                         0x08005852   Section        0  cjson.o(i.cJSON_New_Item)
    cJSON_New_Item                           0x08005853   Thumb Code    26  cjson.o(i.cJSON_New_Item)
    i.cJSON_Parse                            0x0800586c   Section        0  cjson.o(i.cJSON_Parse)
    i.cJSON_ParseWithLengthOpts              0x0800587c   Section        0  cjson.o(i.cJSON_ParseWithLengthOpts)
    i.cJSON_ParseWithOpts                    0x08005950   Section        0  cjson.o(i.cJSON_ParseWithOpts)
    i.case_insensitive_strcmp                0x08005978   Section        0  cjson.o(i.case_insensitive_strcmp)
    case_insensitive_strcmp                  0x08005979   Thumb Code    72  cjson.o(i.case_insensitive_strcmp)
    i.delay_init                             0x080059c0   Section        0  delay.o(i.delay_init)
    i.delay_ms                               0x08005a04   Section        0  delay.o(i.delay_ms)
    i.delay_us                               0x08005a50   Section        0  delay.o(i.delay_us)
    i.fputc                                  0x08005a9c   Section        0  usart.o(i.fputc)
    i.get_decimal_point                      0x08005ab8   Section        0  cjson.o(i.get_decimal_point)
    get_decimal_point                        0x08005ab9   Thumb Code     4  cjson.o(i.get_decimal_point)
    i.get_object_item                        0x08005abc   Section        0  cjson.o(i.get_object_item)
    get_object_item                          0x08005abd   Thumb Code    82  cjson.o(i.get_object_item)
    i.internal_alloc                         0x08005b10   Section        0  mallocr.o(i.internal_alloc)
    internal_alloc                           0x08005b11   Thumb Code    76  mallocr.o(i.internal_alloc)
    i.main                                   0x08005b60   Section        0  main.o(i.main)
    i.massage_parse_json                     0x08005ba8   Section        0  git.o(i.massage_parse_json)
    i.parse_array                            0x08005cc4   Section        0  cjson.o(i.parse_array)
    parse_array                              0x08005cc5   Thumb Code   248  cjson.o(i.parse_array)
    i.parse_hex4                             0x08005dbc   Section        0  cjson.o(i.parse_hex4)
    parse_hex4                               0x08005dbd   Thumb Code    90  cjson.o(i.parse_hex4)
    i.parse_number                           0x08005e18   Section        0  cjson.o(i.parse_number)
    parse_number                             0x08005e19   Thumb Code   298  cjson.o(i.parse_number)
    i.parse_object                           0x08005f50   Section        0  cjson.o(i.parse_object)
    parse_object                             0x08005f51   Thumb Code   318  cjson.o(i.parse_object)
    i.parse_string                           0x0800608e   Section        0  cjson.o(i.parse_string)
    parse_string                             0x0800608f   Thumb Code   396  cjson.o(i.parse_string)
    i.parse_value                            0x0800621c   Section        0  cjson.o(i.parse_value)
    parse_value                              0x0800621d   Thumb Code   290  cjson.o(i.parse_value)
    i.realloc                                0x08006358   Section        0  mallocr.o(i.realloc)
    i.skip_utf8_bom                          0x080063c4   Section        0  cjson.o(i.skip_utf8_bom)
    skip_utf8_bom                            0x080063c5   Thumb Code    56  cjson.o(i.skip_utf8_bom)
    i.strtod                                 0x08006400   Section        0  strtod.o(i.strtod)
    i.task1                                  0x0800641c   Section        0  main.o(i.task1)
    i.task2                                  0x08006424   Section        0  main.o(i.task2)
    i.task3                                  0x08006544   Section        0  main.o(i.task3)
    i.timer_init                             0x08006560   Section        0  task.o(i.timer_init)
    i.timer_loop                             0x08006580   Section        0  task.o(i.timer_loop)
    i.timer_start                            0x080065c0   Section        0  task.o(i.timer_start)
    i.timer_stop                             0x080065ec   Section        0  task.o(i.timer_stop)
    i.timer_ticks                            0x08006610   Section        0  task.o(i.timer_ticks)
    i.utf16_literal_to_utf8                  0x08006620   Section        0  cjson.o(i.utf16_literal_to_utf8)
    utf16_literal_to_utf8                    0x08006621   Thumb Code   300  cjson.o(i.utf16_literal_to_utf8)
    .constdata                               0x0800674c   Section       64  ctype_c.o(.constdata)
    .conststring                             0x0800678c   Section       11  main.o(.conststring)
    .data                                    0x20000000   Section        4  main.o(.data)
    .data                                    0x20000004   Section       20  system_stm32f10x.o(.data)
    .data                                    0x20000018   Section        1  key.o(.data)
    key_up                                   0x20000018   Data           1  key.o(.data)
    .data                                    0x2000001c   Section     2948  oled.o(.data)
    .data                                    0x20000ba0   Section        4  adc.o(.data)
    .data                                    0x20000ba4   Section        6  usart2.o(.data)
    .data                                    0x20000baa   Section        1  sg90.o(.data)
    .data                                    0x20000bac   Section        4  delay.o(.data)
    fac_us                                   0x20000bac   Data           1  delay.o(.data)
    fac_ms                                   0x20000bae   Data           2  delay.o(.data)
    .data                                    0x20000bb0   Section        6  usart.o(.data)
    .data                                    0x20000bb6   Section       20  stm32f10x_rcc.o(.data)
    APBAHBPrescTable                         0x20000bb6   Data          16  stm32f10x_rcc.o(.data)
    ADCPrescTable                            0x20000bc6   Data           4  stm32f10x_rcc.o(.data)
    .data                                    0x20000bca   Section        4  esp8266.o(.data)
    .data                                    0x20000bd0   Section       20  cjson.o(.data)
    global_error                             0x20000bd0   Data           8  cjson.o(.data)
    global_hooks                             0x20000bd8   Data          12  cjson.o(.data)
    .data                                    0x20000be4   Section        4  onenet.o(.data)
    pkt_id                                   0x20000be6   Data           2  onenet.o(.data)
    .data                                    0x20000be8   Section       20  git.o(.data)
    num_on                                   0x20000bfa   Data           1  git.o(.data)
    key_old                                  0x20000bfb   Data           1  git.o(.data)
    .data                                    0x20000bfc   Section        8  task.o(.data)
    head_handle                              0x20000bfc   Data           4  task.o(.data)
    _timer_ticks                             0x20000c00   Data           4  task.o(.data)
    .data                                    0x20000c04   Section       13  timer.o(.data)
    .data                                    0x20000c14   Section        4  mvars.o(.data)
    .data                                    0x20000c18   Section        4  mvars.o(.data)
    .bss                                     0x20000c1c   Section     2146  main.o(.bss)
    sectorbufferTemp                         0x20000c1c   Data        2048  main.o(.bss)
    task1_id                                 0x2000141c   Data          16  main.o(.bss)
    task2_id                                 0x2000142c   Data          16  main.o(.bss)
    task3_id                                 0x2000143c   Data          16  main.o(.bss)
    .bss                                     0x2000147e   Section      321  usart2.o(.bss)
    .bss                                     0x200015bf   Section      200  usart.o(.bss)
    .bss                                     0x20001687   Section     2304  esp8266.o(.bss)
    sectorbufferTemp                         0x20001687   Data        2048  esp8266.o(.bss)
    .bss                                     0x20001f88   Section     2072  git.o(.bss)
    sectorbufferTemp                         0x20001f88   Data        2048  git.o(.bss)
    HEAP                                     0x200027a0   Section     3072  startup_stm32f10x_hd.o(HEAP)
    STACK                                    0x200033a0   Section     1024  startup_stm32f10x_hd.o(STACK)

    Global Symbols

    Symbol Name                              Value     Ov Type        Size  Object(Section)

    BuildAttributes$$THM_ISAv4$P$D$K$B$S$PE$A:L22UL41UL21$X:L11$S22US41US21$IEEE1$IW$USESV6$~STKCKD$USESV7$~SHL$OTIME$ROPI$IEEEJ$EBA8$MICROLIB$REQ8$PRES8$EABIv2 0x00000000   Number         0  anon$$obj.o ABSOLUTE
    __ARM_use_no_argv                        0x00000000   Number         0  main.o ABSOLUTE
    __use_no_errno                           0x00000000   Number         0  useno.o ABSOLUTE
    __use_no_exception_handling              0x00000000   Number         0  useno.o ABSOLUTE
    __use_no_fp                              0x00000000   Number         0  useno.o ABSOLUTE
    __use_no_heap                            0x00000000   Number         0  useno.o ABSOLUTE
    __use_no_heap_region                     0x00000000   Number         0  useno.o ABSOLUTE
    __use_no_semihosting                     0x00000000   Number         0  useno.o ABSOLUTE
    __use_no_semihosting_swi                 0x00000000   Number         0  useno.o ABSOLUTE
    __use_no_signal_handling                 0x00000000   Number         0  useno.o ABSOLUTE
    _printf_a                                0x00000000   Number         0  stubs.o ABSOLUTE
    _printf_c                                0x00000000   Number         0  stubs.o ABSOLUTE
    _printf_charcount                        0x00000000   Number         0  stubs.o ABSOLUTE
    _printf_d                                0x00000000   Number         0  stubs.o ABSOLUTE
    _printf_e                                0x00000000   Number         0  stubs.o ABSOLUTE
    _printf_f                                0x00000000   Number         0  stubs.o ABSOLUTE
    _printf_flags                            0x00000000   Number         0  stubs.o ABSOLUTE
    _printf_fp_dec                           0x00000000   Number         0  stubs.o ABSOLUTE
    _printf_fp_hex                           0x00000000   Number         0  stubs.o ABSOLUTE
    _printf_g                                0x00000000   Number         0  stubs.o ABSOLUTE
    _printf_i                                0x00000000   Number         0  stubs.o ABSOLUTE
    _printf_int_dec                          0x00000000   Number         0  stubs.o ABSOLUTE
    _printf_l                                0x00000000   Number         0  stubs.o ABSOLUTE
    _printf_lc                               0x00000000   Number         0  stubs.o ABSOLUTE
    _printf_ll                               0x00000000   Number         0  stubs.o ABSOLUTE
    _printf_lld                              0x00000000   Number         0  stubs.o ABSOLUTE
    _printf_lli                              0x00000000   Number         0  stubs.o ABSOLUTE
    _printf_llo                              0x00000000   Number         0  stubs.o ABSOLUTE
    _printf_llu                              0x00000000   Number         0  stubs.o ABSOLUTE
    _printf_llx                              0x00000000   Number         0  stubs.o ABSOLUTE
    _printf_longlong_dec                     0x00000000   Number         0  stubs.o ABSOLUTE
    _printf_longlong_hex                     0x00000000   Number         0  stubs.o ABSOLUTE
    _printf_longlong_oct                     0x00000000   Number         0  stubs.o ABSOLUTE
    _printf_ls                               0x00000000   Number         0  stubs.o ABSOLUTE
    _printf_mbtowc                           0x00000000   Number         0  stubs.o ABSOLUTE
    _printf_n                                0x00000000   Number         0  stubs.o ABSOLUTE
    _printf_o                                0x00000000   Number         0  stubs.o ABSOLUTE
    _printf_p                                0x00000000   Number         0  stubs.o ABSOLUTE
    _printf_percent                          0x00000000   Number         0  stubs.o ABSOLUTE
    _printf_pre_padding                      0x00000000   Number         0  stubs.o ABSOLUTE
    _printf_return_value                     0x00000000   Number         0  stubs.o ABSOLUTE
    _printf_s                                0x00000000   Number         0  stubs.o ABSOLUTE
    _printf_sizespec                         0x00000000   Number         0  stubs.o ABSOLUTE
    _printf_str                              0x00000000   Number         0  stubs.o ABSOLUTE
    _printf_truncate_signed                  0x00000000   Number         0  stubs.o ABSOLUTE
    _printf_truncate_unsigned                0x00000000   Number         0  stubs.o ABSOLUTE
    _printf_u                                0x00000000   Number         0  stubs.o ABSOLUTE
    _printf_wc                               0x00000000   Number         0  stubs.o ABSOLUTE
    _printf_wctomb                           0x00000000   Number         0  stubs.o ABSOLUTE
    _printf_widthprec                        0x00000000   Number         0  stubs.o ABSOLUTE
    _printf_x                                0x00000000   Number         0  stubs.o ABSOLUTE
    __cpp_initialize__aeabi_                  - Undefined Weak Reference
    __cxa_finalize                            - Undefined Weak Reference
    _clock_init                               - Undefined Weak Reference
    _microlib_exit                            - Undefined Weak Reference
    _scanf_int                                - Undefined Weak Reference
    _scanf_longlong                           - Undefined Weak Reference
    _scanf_string                             - Undefined Weak Reference
    __Vectors_Size                           0x00000130   Number         0  startup_stm32f10x_hd.o ABSOLUTE
    __Vectors                                0x08000000   Data           4  startup_stm32f10x_hd.o(RESET)
    __Vectors_End                            0x08000130   Data           0  startup_stm32f10x_hd.o(RESET)
    __main                                   0x08000131   Thumb Code     0  entry.o(.ARM.Collect$$$$00000000)
    _main_stk                                0x08000131   Thumb Code     0  entry2.o(.ARM.Collect$$$$00000001)
    _main_scatterload                        0x08000135   Thumb Code     0  entry5.o(.ARM.Collect$$$$00000004)
    __main_after_scatterload                 0x08000139   Thumb Code     0  entry5.o(.ARM.Collect$$$$00000004)
    _main_clock                              0x08000139   Thumb Code     0  entry7b.o(.ARM.Collect$$$$00000008)
    _main_cpp_init                           0x08000139   Thumb Code     0  entry8b.o(.ARM.Collect$$$$0000000A)
    _main_init                               0x08000139   Thumb Code     0  entry9a.o(.ARM.Collect$$$$0000000B)
    __rt_final_cpp                           0x08000141   Thumb Code     0  entry10a.o(.ARM.Collect$$$$0000000D)
    __rt_final_exit                          0x08000141   Thumb Code     0  entry11a.o(.ARM.Collect$$$$0000000F)
    Reset_Handler                            0x08000145   Thumb Code     8  startup_stm32f10x_hd.o(.text)
    ADC1_2_IRQHandler                        0x0800015f   Thumb Code     0  startup_stm32f10x_hd.o(.text)
    ADC3_IRQHandler                          0x0800015f   Thumb Code     0  startup_stm32f10x_hd.o(.text)
    CAN1_RX1_IRQHandler                      0x0800015f   Thumb Code     0  startup_stm32f10x_hd.o(.text)
    CAN1_SCE_IRQHandler                      0x0800015f   Thumb Code     0  startup_stm32f10x_hd.o(.text)
    DMA1_Channel1_IRQHandler                 0x0800015f   Thumb Code     0  startup_stm32f10x_hd.o(.text)
    DMA1_Channel2_IRQHandler                 0x0800015f   Thumb Code     0  startup_stm32f10x_hd.o(.text)
    DMA1_Channel3_IRQHandler                 0x0800015f   Thumb Code     0  startup_stm32f10x_hd.o(.text)
    DMA1_Channel4_IRQHandler                 0x0800015f   Thumb Code     0  startup_stm32f10x_hd.o(.text)
    DMA1_Channel5_IRQHandler                 0x0800015f   Thumb Code     0  startup_stm32f10x_hd.o(.text)
    DMA1_Channel6_IRQHandler                 0x0800015f   Thumb Code     0  startup_stm32f10x_hd.o(.text)
    DMA1_Channel7_IRQHandler                 0x0800015f   Thumb Code     0  startup_stm32f10x_hd.o(.text)
    DMA2_Channel1_IRQHandler                 0x0800015f   Thumb Code     0  startup_stm32f10x_hd.o(.text)
    DMA2_Channel2_IRQHandler                 0x0800015f   Thumb Code     0  startup_stm32f10x_hd.o(.text)
    DMA2_Channel3_IRQHandler                 0x0800015f   Thumb Code     0  startup_stm32f10x_hd.o(.text)
    DMA2_Channel4_5_IRQHandler               0x0800015f   Thumb Code     0  startup_stm32f10x_hd.o(.text)
    EXTI0_IRQHandler                         0x0800015f   Thumb Code     0  startup_stm32f10x_hd.o(.text)
    EXTI15_10_IRQHandler                     0x0800015f   Thumb Code     0  startup_stm32f10x_hd.o(.text)
    EXTI1_IRQHandler                         0x0800015f   Thumb Code     0  startup_stm32f10x_hd.o(.text)
    EXTI2_IRQHandler                         0x0800015f   Thumb Code     0  startup_stm32f10x_hd.o(.text)
    EXTI3_IRQHandler                         0x0800015f   Thumb Code     0  startup_stm32f10x_hd.o(.text)
    EXTI4_IRQHandler                         0x0800015f   Thumb Code     0  startup_stm32f10x_hd.o(.text)
    EXTI9_5_IRQHandler                       0x0800015f   Thumb Code     0  startup_stm32f10x_hd.o(.text)
    FLASH_IRQHandler                         0x0800015f   Thumb Code     0  startup_stm32f10x_hd.o(.text)
    FSMC_IRQHandler                          0x0800015f   Thumb Code     0  startup_stm32f10x_hd.o(.text)
    I2C1_ER_IRQHandler                       0x0800015f   Thumb Code     0  startup_stm32f10x_hd.o(.text)
    I2C1_EV_IRQHandler                       0x0800015f   Thumb Code     0  startup_stm32f10x_hd.o(.text)
    I2C2_ER_IRQHandler                       0x0800015f   Thumb Code     0  startup_stm32f10x_hd.o(.text)
    I2C2_EV_IRQHandler                       0x0800015f   Thumb Code     0  startup_stm32f10x_hd.o(.text)
    PVD_IRQHandler                           0x0800015f   Thumb Code     0  startup_stm32f10x_hd.o(.text)
    RCC_IRQHandler                           0x0800015f   Thumb Code     0  startup_stm32f10x_hd.o(.text)
    RTCAlarm_IRQHandler                      0x0800015f   Thumb Code     0  startup_stm32f10x_hd.o(.text)
    RTC_IRQHandler                           0x0800015f   Thumb Code     0  startup_stm32f10x_hd.o(.text)
    SDIO_IRQHandler                          0x0800015f   Thumb Code     0  startup_stm32f10x_hd.o(.text)
    SPI1_IRQHandler                          0x0800015f   Thumb Code     0  startup_stm32f10x_hd.o(.text)
    SPI2_IRQHandler                          0x0800015f   Thumb Code     0  startup_stm32f10x_hd.o(.text)
    SPI3_IRQHandler                          0x0800015f   Thumb Code     0  startup_stm32f10x_hd.o(.text)
    TAMPER_IRQHandler                        0x0800015f   Thumb Code     0  startup_stm32f10x_hd.o(.text)
    TIM1_BRK_IRQHandler                      0x0800015f   Thumb Code     0  startup_stm32f10x_hd.o(.text)
    TIM1_CC_IRQHandler                       0x0800015f   Thumb Code     0  startup_stm32f10x_hd.o(.text)
    TIM1_TRG_COM_IRQHandler                  0x0800015f   Thumb Code     0  startup_stm32f10x_hd.o(.text)
    TIM1_UP_IRQHandler                       0x0800015f   Thumb Code     0  startup_stm32f10x_hd.o(.text)
    TIM2_IRQHandler                          0x0800015f   Thumb Code     0  startup_stm32f10x_hd.o(.text)
    TIM3_IRQHandler                          0x0800015f   Thumb Code     0  startup_stm32f10x_hd.o(.text)
    TIM5_IRQHandler                          0x0800015f   Thumb Code     0  startup_stm32f10x_hd.o(.text)
    TIM6_IRQHandler                          0x0800015f   Thumb Code     0  startup_stm32f10x_hd.o(.text)
    TIM7_IRQHandler                          0x0800015f   Thumb Code     0  startup_stm32f10x_hd.o(.text)
    TIM8_BRK_IRQHandler                      0x0800015f   Thumb Code     0  startup_stm32f10x_hd.o(.text)
    TIM8_CC_IRQHandler                       0x0800015f   Thumb Code     0  startup_stm32f10x_hd.o(.text)
    TIM8_TRG_COM_IRQHandler                  0x0800015f   Thumb Code     0  startup_stm32f10x_hd.o(.text)
    TIM8_UP_IRQHandler                       0x0800015f   Thumb Code     0  startup_stm32f10x_hd.o(.text)
    UART4_IRQHandler                         0x0800015f   Thumb Code     0  startup_stm32f10x_hd.o(.text)
    UART5_IRQHandler                         0x0800015f   Thumb Code     0  startup_stm32f10x_hd.o(.text)
    USBWakeUp_IRQHandler                     0x0800015f   Thumb Code     0  startup_stm32f10x_hd.o(.text)
    USB_HP_CAN1_TX_IRQHandler                0x0800015f   Thumb Code     0  startup_stm32f10x_hd.o(.text)
    USB_LP_CAN1_RX0_IRQHandler               0x0800015f   Thumb Code     0  startup_stm32f10x_hd.o(.text)
    WWDG_IRQHandler                          0x0800015f   Thumb Code     0  startup_stm32f10x_hd.o(.text)
    tolower                                  0x08000169   Thumb Code    12  tolower.o(.text)
    __aeabi_memcpy                           0x08000175   Thumb Code    36  memcpya.o(.text)
    __aeabi_memcpy4                          0x08000175   Thumb Code     0  memcpya.o(.text)
    __aeabi_memcpy8                          0x08000175   Thumb Code     0  memcpya.o(.text)
    __aeabi_memset                           0x08000199   Thumb Code    14  memseta.o(.text)
    __aeabi_memset4                          0x08000199   Thumb Code     0  memseta.o(.text)
    __aeabi_memset8                          0x08000199   Thumb Code     0  memseta.o(.text)
    __aeabi_memclr                           0x080001a7   Thumb Code     4  memseta.o(.text)
    __aeabi_memclr4                          0x080001a7   Thumb Code     0  memseta.o(.text)
    __aeabi_memclr8                          0x080001a7   Thumb Code     0  memseta.o(.text)
    _memset$wrapper                          0x080001ab   Thumb Code    18  memseta.o(.text)
    strcat                                   0x080001bd   Thumb Code    24  strcat.o(.text)
    strstr                                   0x080001d5   Thumb Code    36  strstr.o(.text)
    strchr                                   0x080001f9   Thumb Code    20  strchr.o(.text)
    strlen                                   0x0800020d   Thumb Code    14  strlen.o(.text)
    strcmp                                   0x0800021b   Thumb Code    28  strcmp.o(.text)
    strncat                                  0x08000237   Thumb Code    40  strncat.o(.text)
    strncmp                                  0x0800025f   Thumb Code    30  strncmp.o(.text)
    _scanf_real                              0x080003a5   Thumb Code     0  scanf_fp.o(.text)
    _scanf_really_real                       0x080003a5   Thumb Code   556  scanf_fp.o(.text)
    __aeabi_dadd                             0x080005dd   Thumb Code   322  dadd.o(.text)
    __aeabi_dsub                             0x0800071f   Thumb Code     6  dadd.o(.text)
    __aeabi_drsub                            0x08000725   Thumb Code     6  dadd.o(.text)
    __aeabi_dmul                             0x0800072b   Thumb Code   228  dmul.o(.text)
    __aeabi_ui2d                             0x0800080f   Thumb Code    26  dfltui.o(.text)
    __aeabi_d2iz                             0x08000829   Thumb Code    62  dfixi.o(.text)
    __aeabi_f2d                              0x08000867   Thumb Code    38  f2d.o(.text)
    __aeabi_cdcmpeq                          0x0800088d   Thumb Code     0  cdcmple.o(.text)
    __aeabi_cdcmple                          0x0800088d   Thumb Code    48  cdcmple.o(.text)
    __aeabi_cdrcmple                         0x080008bd   Thumb Code    48  cdrcmple.o(.text)
    __aeabi_d2f                              0x080008ed   Thumb Code    56  d2f.o(.text)
    __aeabi_uidiv                            0x08000925   Thumb Code     0  uidiv.o(.text)
    __aeabi_uidivmod                         0x08000925   Thumb Code    44  uidiv.o(.text)
    __aeabi_uldivmod                         0x08000951   Thumb Code    98  uldiv.o(.text)
    __aeabi_llsl                             0x080009b3   Thumb Code    30  llshl.o(.text)
    _ll_shift_l                              0x080009b3   Thumb Code     0  llshl.o(.text)
    __aeabi_llsr                             0x080009d1   Thumb Code    32  llushr.o(.text)
    _ll_ushift_r                             0x080009d1   Thumb Code     0  llushr.o(.text)
    __aeabi_lasr                             0x080009f1   Thumb Code    36  llsshr.o(.text)
    _ll_sshift_r                             0x080009f1   Thumb Code     0  llsshr.o(.text)
    _sgetc                                   0x08000a15   Thumb Code    30  _sgetc.o(.text)
    _sbackspace                              0x08000a33   Thumb Code    34  _sgetc.o(.text)
    __strtod_int                             0x08000a8b   Thumb Code    90  strtod.o(.text)
    __I$use$fp                               0x08000af1   Thumb Code     0  iusefp.o(.text)
    _float_round                             0x08000af1   Thumb Code    18  fepilogue.o(.text)
    _float_epilogue                          0x08000b03   Thumb Code    92  fepilogue.o(.text)
    _double_round                            0x08000b5f   Thumb Code    30  depilogue.o(.text)
    _double_epilogue                         0x08000b7d   Thumb Code   156  depilogue.o(.text)
    __aeabi_ddiv                             0x08000c19   Thumb Code   222  ddiv.o(.text)
    __aeabi_ul2d                             0x08000cf7   Thumb Code    24  dfltul.o(.text)
    __aeabi_d2ulz                            0x08000d0f   Thumb Code    48  dfixul.o(.text)
    __scatterload                            0x08000d41   Thumb Code    28  init.o(.text)
    __scatterload_rt2                        0x08000d41   Thumb Code     0  init.o(.text)
    isspace                                  0x08000d65   Thumb Code    10  isspace_c.o(.text)
    __ctype_lookup                           0x08000d71   Thumb Code    34  ctype_c.o(.text)
    __decompress                             0x08000d99   Thumb Code     0  __dczerorl2.o(.text)
    __decompress1                            0x08000d99   Thumb Code    86  __dczerorl2.o(.text)
    ADC_Cmd                                  0x08000def   Thumb Code    22  stm32f10x_adc.o(i.ADC_Cmd)
    ADC_DMACmd                               0x08000e05   Thumb Code    22  stm32f10x_adc.o(i.ADC_DMACmd)
    ADC_GetCalibrationStatus                 0x08000e1b   Thumb Code    20  stm32f10x_adc.o(i.ADC_GetCalibrationStatus)
    ADC_GetResetCalibrationStatus            0x08000e2f   Thumb Code    20  stm32f10x_adc.o(i.ADC_GetResetCalibrationStatus)
    ADC_Init                                 0x08000e45   Thumb Code    70  stm32f10x_adc.o(i.ADC_Init)
    ADC_RegularChannelConfig                 0x08000e95   Thumb Code   184  stm32f10x_adc.o(i.ADC_RegularChannelConfig)
    ADC_ResetCalibration                     0x08000f4d   Thumb Code    10  stm32f10x_adc.o(i.ADC_ResetCalibration)
    ADC_SoftwareStartConvCmd                 0x08000f57   Thumb Code    22  stm32f10x_adc.o(i.ADC_SoftwareStartConvCmd)
    ADC_StartCalibration                     0x08000f6d   Thumb Code    10  stm32f10x_adc.o(i.ADC_StartCalibration)
    ADCx_Init                                0x08000f9d   Thumb Code    12  adc.o(i.ADCx_Init)
    Automation_Close                         0x080010a5   Thumb Code    98  git.o(i.Automation_Close)
    Automation_SG90_Angle                    0x08001119   Thumb Code    80  sg90.o(i.Automation_SG90_Angle)
    BusFault_Handler                         0x0800116d   Thumb Code     4  stm32f10x_it.o(i.BusFault_Handler)
    CLR_Buf                                  0x08001171   Thumb Code    18  usart2.o(i.CLR_Buf)
    Check_Key_ON_OFF                         0x0800118d   Thumb Code   294  git.o(i.Check_Key_ON_OFF)
    DHT11_GPIO_Config                        0x080012cd   Thumb Code    50  dht11.o(i.DHT11_GPIO_Config)
    DMA_Cmd                                  0x08001349   Thumb Code    24  stm32f10x_dma.o(i.DMA_Cmd)
    DMA_DeInit                               0x08001361   Thumb Code   324  stm32f10x_dma.o(i.DMA_DeInit)
    DMA_Init                                 0x080014ad   Thumb Code    60  stm32f10x_dma.o(i.DMA_Init)
    DebugMon_Handler                         0x080014e9   Thumb Code     2  stm32f10x_it.o(i.DebugMon_Handler)
    DevLink                                  0x080014ed   Thumb Code   230  onenet.o(i.DevLink)
    ESP8266_Clear                            0x08001715   Thumb Code    20  esp8266.o(i.ESP8266_Clear)
    ESP8266_GetIPD                           0x08001731   Thumb Code    68  esp8266.o(i.ESP8266_GetIPD)
    ESP8266_Init                             0x08001781   Thumb Code   216  esp8266.o(i.ESP8266_Init)
    ESP8266_SendCmd                          0x08001931   Thumb Code    74  esp8266.o(i.ESP8266_SendCmd)
    ESP8266_SendData                         0x08001981   Thumb Code    46  esp8266.o(i.ESP8266_SendData)
    ESP8266_WaitRecive                       0x080019c5   Thumb Code    42  esp8266.o(i.ESP8266_WaitRecive)
    GB16_NUM                                 0x080019f9   Thumb Code    18  oled.o(i.GB16_NUM)
    GENERAL_TIM_Init                         0x08001a63   Thumb Code    32  timer.o(i.GENERAL_TIM_Init)
    GENERAL_TIM_NVIC_Config                  0x08001b2f   Thumb Code    76  timer.o(i.GENERAL_TIM_NVIC_Config)
    GPIO_Init                                0x08001b7b   Thumb Code   278  stm32f10x_gpio.o(i.GPIO_Init)
    GPIO_PinRemapConfig                      0x08001c91   Thumb Code   138  stm32f10x_gpio.o(i.GPIO_PinRemapConfig)
    GPIO_ReadInputDataBit                    0x08001d21   Thumb Code    18  stm32f10x_gpio.o(i.GPIO_ReadInputDataBit)
    GPIO_ResetBits                           0x08001d33   Thumb Code     4  stm32f10x_gpio.o(i.GPIO_ResetBits)
    GPIO_SetBits                             0x08001d37   Thumb Code     4  stm32f10x_gpio.o(i.GPIO_SetBits)
    HardFault_Handler                        0x08001d3b   Thumb Code     4  stm32f10x_it.o(i.HardFault_Handler)
    Hardware_Init                            0x08001d41   Thumb Code   136  main.o(i.Hardware_Init)
    JR6001_Init                              0x08001dd5   Thumb Code    78  jr6001.o(i.JR6001_Init)
    JR6001_Instruction                       0x08001e29   Thumb Code    30  jr6001.o(i.JR6001_Instruction)
    JR6001_SendCode                          0x08001e51   Thumb Code   120  jr6001.o(i.JR6001_SendCode)
    JR6001_SongControl                       0x08001ed5   Thumb Code    78  jr6001.o(i.JR6001_SongControl)
    JR6001_Volumecontrol                     0x08001f49   Thumb Code    28  jr6001.o(i.JR6001_Volumecontrol)
    KEY_Scan                                 0x08001f6d   Thumb Code   104  key.o(i.KEY_Scan)
    Key_GPIO_Config                          0x08001fdd   Thumb Code    52  key.o(i.Key_GPIO_Config)
    LED_Init                                 0x08002015   Thumb Code    56  led.o(i.LED_Init)
    Level_GPIO_Config                        0x08002059   Thumb Code    52  level.o(i.Level_GPIO_Config)
    Light_value                              0x08002091   Thumb Code    20  adc.o(i.Light_value)
    MG996R_Speed                             0x080020a9   Thumb Code   128  sg90.o(i.MG996R_Speed)
    MQTT_DeleteBuffer                        0x08002131   Thumb Code    28  mqttkit.o(i.MQTT_DeleteBuffer)
    MQTT_DumpLength                          0x0800214d   Thumb Code    46  mqttkit.o(i.MQTT_DumpLength)
    MQTT_FillBuf                             0x0800217d   Thumb Code   360  onenet.o(i.MQTT_FillBuf)
    MQTT_NewBuffer                           0x08002381   Thumb Code    88  mqttkit.o(i.MQTT_NewBuffer)
    MQTT_PacketCmdResp                       0x080023d9   Thumb Code   132  mqttkit.o(i.MQTT_PacketCmdResp)
    MQTT_PacketConnect                       0x08002465   Thumb Code   666  mqttkit.o(i.MQTT_PacketConnect)
    MQTT_PacketPublish                       0x08002705   Thumb Code   418  mqttkit.o(i.MQTT_PacketPublish)
    MQTT_PacketPublishAck                    0x080028a7   Thumb Code    72  mqttkit.o(i.MQTT_PacketPublishAck)
    MQTT_PacketPublishComp                   0x080028ef   Thumb Code    72  mqttkit.o(i.MQTT_PacketPublishComp)
    MQTT_PacketPublishRec                    0x08002937   Thumb Code    72  mqttkit.o(i.MQTT_PacketPublishRec)
    MQTT_PacketPublishRel                    0x0800297f   Thumb Code    72  mqttkit.o(i.MQTT_PacketPublishRel)
    MQTT_PacketSubscribe                     0x080029c7   Thumb Code   254  mqttkit.o(i.MQTT_PacketSubscribe)
    MQTT_ReadLength                          0x08002ac5   Thumb Code    70  mqttkit.o(i.MQTT_ReadLength)
    MQTT_UnPacketCmd                         0x08002b0b   Thumb Code   140  mqttkit.o(i.MQTT_UnPacketCmd)
    MQTT_UnPacketConnectAck                  0x08002b97   Thumb Code    30  mqttkit.o(i.MQTT_UnPacketConnectAck)
    MQTT_UnPacketPublish                     0x08002bb5   Thumb Code   438  mqttkit.o(i.MQTT_UnPacketPublish)
    MQTT_UnPacketPublishAck                  0x08002d75   Thumb Code    30  mqttkit.o(i.MQTT_UnPacketPublishAck)
    MQTT_UnPacketPublishComp                 0x08002d93   Thumb Code    30  mqttkit.o(i.MQTT_UnPacketPublishComp)
    MQTT_UnPacketPublishRec                  0x08002db1   Thumb Code    30  mqttkit.o(i.MQTT_UnPacketPublishRec)
    MQTT_UnPacketPublishRel                  0x08002dcf   Thumb Code    36  mqttkit.o(i.MQTT_UnPacketPublishRel)
    MQTT_UnPacketRecv                        0x08002df5   Thumb Code   106  mqttkit.o(i.MQTT_UnPacketRecv)
    MQTT_UnPacketSubscribe                   0x08002e69   Thumb Code    52  mqttkit.o(i.MQTT_UnPacketSubscribe)
    MQTT_UnPacketUnSubscribe                 0x08002e9d   Thumb Code    18  mqttkit.o(i.MQTT_UnPacketUnSubscribe)
    MemManage_Handler                        0x08002eaf   Thumb Code     4  stm32f10x_it.o(i.MemManage_Handler)
    Mqtt_Flage_Info                          0x08002eb5   Thumb Code    82  onenet.o(i.Mqtt_Flage_Info)
    Mqtt_Pwd_Info                            0x08002f25   Thumb Code    82  onenet.o(i.Mqtt_Pwd_Info)
    NMI_Handler                              0x08002f8d   Thumb Code     2  stm32f10x_it.o(i.NMI_Handler)
    NVIC_Init                                0x08002f91   Thumb Code   100  misc.o(i.NVIC_Init)
    NVIC_PriorityGroupConfig                 0x08003001   Thumb Code    10  misc.o(i.NVIC_PriorityGroupConfig)
    Net_Init                                 0x08003015   Thumb Code   138  main.o(i.Net_Init)
    OLED_Clear                               0x08003109   Thumb Code    10  oled.o(i.OLED_Clear)
    OLED_ColorTurn                           0x08003113   Thumb Code    28  oled.o(i.OLED_ColorTurn)
    OLED_DisplayTurn                         0x0800312f   Thumb Code    44  oled.o(i.OLED_DisplayTurn)
    OLED_Fill                                0x0800315b   Thumb Code    66  oled.o(i.OLED_Fill)
    OLED_Init                                0x0800319d   Thumb Code   278  oled.o(i.OLED_Init)
    OLED_ShowCH                              0x080032b9   Thumb Code   292  oled.o(i.OLED_ShowCH)
    OLED_WR_BP                               0x080033f1   Thumb Code    42  oled.o(i.OLED_WR_BP)
    OLED_WR_Byte                             0x0800341d   Thumb Code   126  oled.o(i.OLED_WR_Byte)
    OneNet_RevPro                            0x080034a1   Thumb Code   512  onenet.o(i.OneNet_RevPro)
    PendSV_Handler                           0x08003861   Thumb Code     2  stm32f10x_it.o(i.PendSV_Handler)
    RCC_ADCCLKConfig                         0x08003865   Thumb Code    18  stm32f10x_rcc.o(i.RCC_ADCCLKConfig)
    RCC_AHBPeriphClockCmd                    0x0800387d   Thumb Code    26  stm32f10x_rcc.o(i.RCC_AHBPeriphClockCmd)
    RCC_APB1PeriphClockCmd                   0x0800389d   Thumb Code    26  stm32f10x_rcc.o(i.RCC_APB1PeriphClockCmd)
    RCC_APB1PeriphResetCmd                   0x080038bd   Thumb Code    26  stm32f10x_rcc.o(i.RCC_APB1PeriphResetCmd)
    RCC_APB2PeriphClockCmd                   0x080038dd   Thumb Code    26  stm32f10x_rcc.o(i.RCC_APB2PeriphClockCmd)
    RCC_APB2PeriphResetCmd                   0x080038fd   Thumb Code    26  stm32f10x_rcc.o(i.RCC_APB2PeriphResetCmd)
    RCC_GetClocksFreq                        0x0800391d   Thumb Code   192  stm32f10x_rcc.o(i.RCC_GetClocksFreq)
    RELAY_GPIO_Config                        0x080039f1   Thumb Code    38  relay.o(i.RELAY_GPIO_Config)
    Read_DHT11                               0x08003a81   Thumb Code   166  dht11.o(i.Read_DHT11)
    Read_Data                                0x08003b2d   Thumb Code   138  git.o(i.Read_Data)
    Reset_Threshole_Value                    0x08003bc5   Thumb Code    24  git.o(i.Reset_Threshole_Value)
    SVC_Handler                              0x08003be1   Thumb Code     2  stm32f10x_it.o(i.SVC_Handler)
    SendMqtt                                 0x08003be5   Thumb Code   148  onenet.o(i.SendMqtt)
    Shake_value                              0x08003d79   Thumb Code    16  adc.o(i.Shake_value)
    SoftWare_Init                            0x08003d8d   Thumb Code    62  main.o(i.SoftWare_Init)
    Subscribe                                0x08003de5   Thumb Code   152  onenet.o(i.Subscribe)
    SysTick_CLKSourceConfig                  0x08003ed1   Thumb Code    40  misc.o(i.SysTick_CLKSourceConfig)
    SysTick_Handler                          0x08003ef9   Thumb Code     2  stm32f10x_it.o(i.SysTick_Handler)
    Sys_Restart                              0x08003efd   Thumb Code    38  delay.o(i.Sys_Restart)
    SystemInit                               0x08003f2d   Thumb Code    78  system_stm32f10x.o(i.SystemInit)
    System_PB34_setIO                        0x08003f8d   Thumb Code    36  led.o(i.System_PB34_setIO)
    TIM3_PWM_Init                            0x08003fb9   Thumb Code   190  sg90.o(i.TIM3_PWM_Init)
    TIM4_IRQHandler                          0x08004081   Thumb Code   166  timer.o(i.TIM4_IRQHandler)
    TIM_ARRPreloadConfig                     0x08004145   Thumb Code    24  stm32f10x_tim.o(i.TIM_ARRPreloadConfig)
    TIM_ClearFlag                            0x0800415d   Thumb Code     6  stm32f10x_tim.o(i.TIM_ClearFlag)
    TIM_ClearITPendingBit                    0x08004163   Thumb Code     6  stm32f10x_tim.o(i.TIM_ClearITPendingBit)
    TIM_Cmd                                  0x08004169   Thumb Code    24  stm32f10x_tim.o(i.TIM_Cmd)
    TIM_CtrlPWMOutputs                       0x08004181   Thumb Code    30  stm32f10x_tim.o(i.TIM_CtrlPWMOutputs)
    TIM_DeInit                               0x080041a1   Thumb Code   424  stm32f10x_tim.o(i.TIM_DeInit)
    TIM_GetITStatus                          0x08004389   Thumb Code    34  stm32f10x_tim.o(i.TIM_GetITStatus)
    TIM_ITConfig                             0x080043ab   Thumb Code    18  stm32f10x_tim.o(i.TIM_ITConfig)
    TIM_OC1Init                              0x080043bd   Thumb Code   132  stm32f10x_tim.o(i.TIM_OC1Init)
    TIM_OC1PreloadConfig                     0x08004455   Thumb Code    18  stm32f10x_tim.o(i.TIM_OC1PreloadConfig)
    TIM_SetCompare1                          0x08004467   Thumb Code     4  stm32f10x_tim.o(i.TIM_SetCompare1)
    TIM_SetCompare2                          0x0800446b   Thumb Code     4  stm32f10x_tim.o(i.TIM_SetCompare2)
    TIM_SetCompare3                          0x0800446f   Thumb Code     4  stm32f10x_tim.o(i.TIM_SetCompare3)
    TIM_SetCompare4                          0x08004473   Thumb Code     6  stm32f10x_tim.o(i.TIM_SetCompare4)
    TIM_TimeBaseInit                         0x08004479   Thumb Code   122  stm32f10x_tim.o(i.TIM_TimeBaseInit)
    USART1_IRQHandler                        0x08004531   Thumb Code   122  usart.o(i.USART1_IRQHandler)
    USART2_IRQHandler                        0x080045b9   Thumb Code   134  usart2.o(i.USART2_IRQHandler)
    USART3_IRQHandler                        0x08004651   Thumb Code    62  esp8266.o(i.USART3_IRQHandler)
    USART_ClearFlag                          0x0800469d   Thumb Code    18  stm32f10x_usart.o(i.USART_ClearFlag)
    USART_Cmd                                0x080046af   Thumb Code    24  stm32f10x_usart.o(i.USART_Cmd)
    USART_DeInit                             0x080046c9   Thumb Code   134  stm32f10x_usart.o(i.USART_DeInit)
    USART_GetFlagStatus                      0x08004765   Thumb Code    26  stm32f10x_usart.o(i.USART_GetFlagStatus)
    USART_GetITStatus                        0x0800477f   Thumb Code    84  stm32f10x_usart.o(i.USART_GetITStatus)
    USART_ITConfig                           0x080047d3   Thumb Code    74  stm32f10x_usart.o(i.USART_ITConfig)
    USART_Init                               0x0800481d   Thumb Code   210  stm32f10x_usart.o(i.USART_Init)
    USART_ReceiveData                        0x080048f5   Thumb Code    10  stm32f10x_usart.o(i.USART_ReceiveData)
    USART_SendData                           0x080048ff   Thumb Code     8  stm32f10x_usart.o(i.USART_SendData)
    Update_device_massage                    0x08004909   Thumb Code   252  git.o(i.Update_device_massage)
    Update_oled_massage                      0x08004a19   Thumb Code   236  git.o(i.Update_oled_massage)
    UsageFault_Handler                       0x08004b91   Thumb Code     4  stm32f10x_it.o(i.UsageFault_Handler)
    Usart1_Init                              0x08004b95   Thumb Code   152  usart.o(i.Usart1_Init)
    Usart2_Init                              0x08004c35   Thumb Code   166  usart2.o(i.Usart2_Init)
    Usart3_Init                              0x08004ce5   Thumb Code   162  esp8266.o(i.Usart3_Init)
    Usart3_SendString                        0x08004d91   Thumb Code    44  esp8266.o(i.Usart3_SendString)
    __0printf                                0x08004dc1   Thumb Code    22  printfa.o(i.__0printf)
    __1printf                                0x08004dc1   Thumb Code     0  printfa.o(i.__0printf)
    __2printf                                0x08004dc1   Thumb Code     0  printfa.o(i.__0printf)
    __c89printf                              0x08004dc1   Thumb Code     0  printfa.o(i.__0printf)
    printf                                   0x08004dc1   Thumb Code     0  printfa.o(i.__0printf)
    __0sprintf                               0x08004de1   Thumb Code    34  printfa.o(i.__0sprintf)
    __1sprintf                               0x08004de1   Thumb Code     0  printfa.o(i.__0sprintf)
    __2sprintf                               0x08004de1   Thumb Code     0  printfa.o(i.__0sprintf)
    __c89sprintf                             0x08004de1   Thumb Code     0  printfa.o(i.__0sprintf)
    sprintf                                  0x08004de1   Thumb Code     0  printfa.o(i.__0sprintf)
    free                                     0x08004e09   Thumb Code    88  mallocr.o(i.__free$realloc)
    malloc                                   0x08004e65   Thumb Code    64  mallocr.o(i.__malloc$realloc)
    __scatterload_copy                       0x08004eb5   Thumb Code    14  handlers.o(i.__scatterload_copy)
    __scatterload_null                       0x08004ec3   Thumb Code     2  handlers.o(i.__scatterload_null)
    __scatterload_zeroinit                   0x08004ec5   Thumb Code    14  handlers.o(i.__scatterload_zeroinit)
    _is_digit                                0x08005059   Thumb Code    14  scanf_fp.o(i._is_digit)
    cJSON_Delete                             0x080057e9   Thumb Code    84  cjson.o(i.cJSON_Delete)
    cJSON_GetObjectItem                      0x08005841   Thumb Code    18  cjson.o(i.cJSON_GetObjectItem)
    cJSON_Parse                              0x0800586d   Thumb Code    16  cjson.o(i.cJSON_Parse)
    cJSON_ParseWithLengthOpts                0x0800587d   Thumb Code   204  cjson.o(i.cJSON_ParseWithLengthOpts)
    cJSON_ParseWithOpts                      0x08005951   Thumb Code    40  cjson.o(i.cJSON_ParseWithOpts)
    delay_init                               0x080059c1   Thumb Code    50  delay.o(i.delay_init)
    delay_ms                                 0x08005a05   Thumb Code    72  delay.o(i.delay_ms)
    delay_us                                 0x08005a51   Thumb Code    72  delay.o(i.delay_us)
    fputc                                    0x08005a9d   Thumb Code    24  usart.o(i.fputc)
    main                                     0x08005b61   Thumb Code    62  main.o(i.main)
    massage_parse_json                       0x08005ba9   Thumb Code   212  git.o(i.massage_parse_json)
    realloc                                  0x08006359   Thumb Code   102  mallocr.o(i.realloc)
    strtod                                   0x08006401   Thumb Code    28  strtod.o(i.strtod)
    task1                                    0x0800641d   Thumb Code     8  main.o(i.task1)
    task2                                    0x08006425   Thumb Code   172  main.o(i.task2)
    task3                                    0x08006545   Thumb Code    20  main.o(i.task3)
    timer_init                               0x08006561   Thumb Code    28  task.o(i.timer_init)
    timer_loop                               0x08006581   Thumb Code    54  task.o(i.timer_loop)
    timer_start                              0x080065c1   Thumb Code    38  task.o(i.timer_start)
    timer_stop                               0x080065ed   Thumb Code    32  task.o(i.timer_stop)
    timer_ticks                              0x08006611   Thumb Code    12  task.o(i.timer_ticks)
    __ctype_categories                       0x0800674c   Data          64  ctype_c.o(.constdata)
    Region$$Table$$Base                      0x08006798   Number         0  anon$$obj.o(Region$$Table)
    Region$$Table$$Limit                     0x080067b8   Number         0  anon$$obj.o(Region$$Table)
    topics                                   0x20000000   Data           4  main.o(.data)
    SystemCoreClock                          0x20000004   Data           4  system_stm32f10x.o(.data)
    AHBPrescTable                            0x20000008   Data          16  system_stm32f10x.o(.data)
    zf                                       0x2000001c   Data        1520  oled.o(.data)
    hz                                       0x2000060c   Data        1248  oled.o(.data)
    hz_index                                 0x20000aec   Data          79  oled.o(.data)
    zf_index                                 0x20000b3b   Data          96  oled.o(.data)
    HZ                                       0x20000b9c   Data           4  oled.o(.data)
    ADC_ConvertedValue                       0x20000ba0   Data           4  adc.o(.data)
    rxdatabufer                              0x20000ba4   Data           1  usart2.o(.data)
    point1                                   0x20000ba6   Data           2  usart2.o(.data)
    USART2_RX_STA                            0x20000ba8   Data           2  usart2.o(.data)
    MG996R_TEST                              0x20000baa   Data           1  sg90.o(.data)
    __stdout                                 0x20000bb0   Data           4  usart.o(.data)
    USART_RX_STA                             0x20000bb4   Data           2  usart.o(.data)
    esp8266_cnt                              0x20000bca   Data           2  esp8266.o(.data)
    esp8266_cntPre                           0x20000bcc   Data           2  esp8266.o(.data)
    Connect_Net                              0x20000be4   Data           1  onenet.o(.data)
    threshold_value_init                     0x20000be8   Data           6  git.o(.data)
    device_state_init                        0x20000bee   Data           7  git.o(.data)
    DHT11_Data                               0x20000bf5   Data           5  git.o(.data)
    time_4                                   0x20000c04   Data           4  timer.o(.data)
    time25ms                                 0x20000c08   Data           1  timer.o(.data)
    Usart2_Time                              0x20000c0a   Data           2  timer.o(.data)
    TimeCount1ms                             0x20000c0c   Data           4  timer.o(.data)
    bTimeout10ms                             0x20000c10   Data           1  timer.o(.data)
    __microlib_freelist                      0x20000c14   Data           4  mvars.o(.data)
    __microlib_freelist_initialised          0x20000c18   Data           4  mvars.o(.data)
    str                                      0x2000144c   Data          50  main.o(.bss)
    Save_Data                                0x2000147e   Data         121  usart2.o(.bss)
    USART_RX2_BUF                            0x200014f7   Data         200  usart2.o(.bss)
    USART_RX_BUF                             0x200015bf   Data         200  usart.o(.bss)
    esp8266_buf                              0x20001e87   Data         256  esp8266.o(.bss)
    Data_init                                0x20002788   Data          24  git.o(.bss)
    __heap_base                              0x200027a0   Data           0  startup_stm32f10x_hd.o(HEAP)
    __heap_limit                             0x200033a0   Data           0  startup_stm32f10x_hd.o(HEAP)
    __initial_sp                             0x200037a0   Data           0  startup_stm32f10x_hd.o(STACK)



==============================================================================

Memory Map of the image

  Image Entry point : 0x08000145

  Load Region LR_1 (Base: 0x08000000, Size: 0x000073d4, Max: 0xffffffff, ABSOLUTE, COMPRESSED[0x00006ff4])

    Execution Region ER_RO (Exec base: 0x08000000, Load base: 0x08000000, Size: 0x000067b8, Max: 0xffffffff, ABSOLUTE)

    Exec Addr    Load Addr    Size         Type   Attr      Idx    E Section Name        Object

    0x08000000   0x08000000   0x00000130   Data   RO          937    RESET               startup_stm32f10x_hd.o
    0x08000130   0x08000130   0x00000000   Code   RO         4015  * .ARM.Collect$$$$00000000  mc_w.l(entry.o)
    0x08000130   0x08000130   0x00000004   Code   RO         4355    .ARM.Collect$$$$00000001  mc_w.l(entry2.o)
    0x08000134   0x08000134   0x00000004   Code   RO         4358    .ARM.Collect$$$$00000004  mc_w.l(entry5.o)
    0x08000138   0x08000138   0x00000000   Code   RO         4360    .ARM.Collect$$$$00000008  mc_w.l(entry7b.o)
    0x08000138   0x08000138   0x00000000   Code   RO         4362    .ARM.Collect$$$$0000000A  mc_w.l(entry8b.o)
    0x08000138   0x08000138   0x00000008   Code   RO         4363    .ARM.Collect$$$$0000000B  mc_w.l(entry9a.o)
    0x08000140   0x08000140   0x00000000   Code   RO         4365    .ARM.Collect$$$$0000000D  mc_w.l(entry10a.o)
    0x08000140   0x08000140   0x00000000   Code   RO         4367    .ARM.Collect$$$$0000000F  mc_w.l(entry11a.o)
    0x08000140   0x08000140   0x00000004   Code   RO         4356    .ARM.Collect$$$$00002712  mc_w.l(entry2.o)
    0x08000144   0x08000144   0x00000024   Code   RO          938  * .text               startup_stm32f10x_hd.o
    0x08000168   0x08000168   0x0000000c   Code   RO         4018    .text               mc_w.l(tolower.o)
    0x08000174   0x08000174   0x00000024   Code   RO         4020    .text               mc_w.l(memcpya.o)
    0x08000198   0x08000198   0x00000024   Code   RO         4022    .text               mc_w.l(memseta.o)
    0x080001bc   0x080001bc   0x00000018   Code   RO         4024    .text               mc_w.l(strcat.o)
    0x080001d4   0x080001d4   0x00000024   Code   RO         4026    .text               mc_w.l(strstr.o)
    0x080001f8   0x080001f8   0x00000014   Code   RO         4028    .text               mc_w.l(strchr.o)
    0x0800020c   0x0800020c   0x0000000e   Code   RO         4030    .text               mc_w.l(strlen.o)
    0x0800021a   0x0800021a   0x0000001c   Code   RO         4032    .text               mc_w.l(strcmp.o)
    0x08000236   0x08000236   0x00000028   Code   RO         4034    .text               mc_w.l(strncat.o)
    0x0800025e   0x0800025e   0x0000001e   Code   RO         4038    .text               mc_w.l(strncmp.o)
    0x0800027c   0x0800027c   0x00000360   Code   RO         4333    .text               mc_w.l(scanf_fp.o)
    0x080005dc   0x080005dc   0x0000014e   Code   RO         4337    .text               mf_w.l(dadd.o)
    0x0800072a   0x0800072a   0x000000e4   Code   RO         4339    .text               mf_w.l(dmul.o)
    0x0800080e   0x0800080e   0x0000001a   Code   RO         4343    .text               mf_w.l(dfltui.o)
    0x08000828   0x08000828   0x0000003e   Code   RO         4345    .text               mf_w.l(dfixi.o)
    0x08000866   0x08000866   0x00000026   Code   RO         4347    .text               mf_w.l(f2d.o)
    0x0800088c   0x0800088c   0x00000030   Code   RO         4349    .text               mf_w.l(cdcmple.o)
    0x080008bc   0x080008bc   0x00000030   Code   RO         4351    .text               mf_w.l(cdrcmple.o)
    0x080008ec   0x080008ec   0x00000038   Code   RO         4353    .text               mf_w.l(d2f.o)
    0x08000924   0x08000924   0x0000002c   Code   RO         4369    .text               mc_w.l(uidiv.o)
    0x08000950   0x08000950   0x00000062   Code   RO         4371    .text               mc_w.l(uldiv.o)
    0x080009b2   0x080009b2   0x0000001e   Code   RO         4373    .text               mc_w.l(llshl.o)
    0x080009d0   0x080009d0   0x00000020   Code   RO         4375    .text               mc_w.l(llushr.o)
    0x080009f0   0x080009f0   0x00000024   Code   RO         4377    .text               mc_w.l(llsshr.o)
    0x08000a14   0x08000a14   0x00000040   Code   RO         4383    .text               mc_w.l(_sgetc.o)
    0x08000a54   0x08000a54   0x0000009c   Code   RO         4385    .text               mc_w.l(strtod.o)
    0x08000af0   0x08000af0   0x00000000   Code   RO         4387    .text               mc_w.l(iusefp.o)
    0x08000af0   0x08000af0   0x0000006e   Code   RO         4388    .text               mf_w.l(fepilogue.o)
    0x08000b5e   0x08000b5e   0x000000ba   Code   RO         4390    .text               mf_w.l(depilogue.o)
    0x08000c18   0x08000c18   0x000000de   Code   RO         4392    .text               mf_w.l(ddiv.o)
    0x08000cf6   0x08000cf6   0x00000018   Code   RO         4394    .text               mf_w.l(dfltul.o)
    0x08000d0e   0x08000d0e   0x00000030   Code   RO         4396    .text               mf_w.l(dfixul.o)
    0x08000d3e   0x08000d3e   0x00000002   PAD
    0x08000d40   0x08000d40   0x00000024   Code   RO         4398    .text               mc_w.l(init.o)
    0x08000d64   0x08000d64   0x0000000a   Code   RO         4400    .text               mc_w.l(isspace_c.o)
    0x08000d6e   0x08000d6e   0x00000002   PAD
    0x08000d70   0x08000d70   0x00000028   Code   RO         4404    .text               mc_w.l(ctype_c.o)
    0x08000d98   0x08000d98   0x00000056   Code   RO         4415    .text               mc_w.l(__dczerorl2.o)
    0x08000dee   0x08000dee   0x00000016   Code   RO         2000    i.ADC_Cmd           stm32f10x_adc.o
    0x08000e04   0x08000e04   0x00000016   Code   RO         2001    i.ADC_DMACmd        stm32f10x_adc.o
    0x08000e1a   0x08000e1a   0x00000014   Code   RO         2008    i.ADC_GetCalibrationStatus  stm32f10x_adc.o
    0x08000e2e   0x08000e2e   0x00000014   Code   RO         2014    i.ADC_GetResetCalibrationStatus  stm32f10x_adc.o
    0x08000e42   0x08000e42   0x00000002   PAD
    0x08000e44   0x08000e44   0x00000050   Code   RO         2018    i.ADC_Init          stm32f10x_adc.o
    0x08000e94   0x08000e94   0x000000b8   Code   RO         2022    i.ADC_RegularChannelConfig  stm32f10x_adc.o
    0x08000f4c   0x08000f4c   0x0000000a   Code   RO         2023    i.ADC_ResetCalibration  stm32f10x_adc.o
    0x08000f56   0x08000f56   0x00000016   Code   RO         2025    i.ADC_SoftwareStartConvCmd  stm32f10x_adc.o
    0x08000f6c   0x08000f6c   0x0000000a   Code   RO         2027    i.ADC_StartCalibration  stm32f10x_adc.o
    0x08000f76   0x08000f76   0x00000002   PAD
    0x08000f78   0x08000f78   0x00000024   Code   RO          610    i.ADCx_GPIO_Config  adc.o
    0x08000f9c   0x08000f9c   0x0000000c   Code   RO          611    i.ADCx_Init         adc.o
    0x08000fa8   0x08000fa8   0x000000fc   Code   RO          612    i.ADCx_Mode_Config  adc.o
    0x080010a4   0x080010a4   0x00000074   Code   RO         3846    i.Automation_Close  git.o
    0x08001118   0x08001118   0x00000054   Code   RO          761    i.Automation_SG90_Angle  sg90.o
    0x0800116c   0x0800116c   0x00000004   Code   RO          225    i.BusFault_Handler  stm32f10x_it.o
    0x08001170   0x08001170   0x0000001c   Code   RO          718    i.CLR_Buf           usart2.o
    0x0800118c   0x0800118c   0x00000140   Code   RO         3847    i.Check_Key_ON_OFF  git.o
    0x080012cc   0x080012cc   0x00000038   Code   RO          577    i.DHT11_GPIO_Config  dht11.o
    0x08001304   0x08001304   0x00000020   Code   RO          578    i.DHT11_Mode_IPU    dht11.o
    0x08001324   0x08001324   0x00000024   Code   RO          579    i.DHT11_Mode_Out_PP  dht11.o
    0x08001348   0x08001348   0x00000018   Code   RO         2760    i.DMA_Cmd           stm32f10x_dma.o
    0x08001360   0x08001360   0x0000014c   Code   RO         2761    i.DMA_DeInit        stm32f10x_dma.o
    0x080014ac   0x080014ac   0x0000003c   Code   RO         2766    i.DMA_Init          stm32f10x_dma.o
    0x080014e8   0x080014e8   0x00000002   Code   RO          226    i.DebugMon_Handler  stm32f10x_it.o
    0x080014ea   0x080014ea   0x00000002   PAD
    0x080014ec   0x080014ec   0x00000228   Code   RO         3570    i.DevLink           onenet.o
    0x08001714   0x08001714   0x0000001c   Code   RO         2830    i.ESP8266_Clear     esp8266.o
    0x08001730   0x08001730   0x00000050   Code   RO         2831    i.ESP8266_GetIPD    esp8266.o
    0x08001780   0x08001780   0x000001b0   Code   RO         2832    i.ESP8266_Init      esp8266.o
    0x08001930   0x08001930   0x00000050   Code   RO         2833    i.ESP8266_SendCmd   esp8266.o
    0x08001980   0x08001980   0x00000044   Code   RO         2834    i.ESP8266_SendData  esp8266.o
    0x080019c4   0x080019c4   0x00000034   Code   RO         2835    i.ESP8266_WaitRecive  esp8266.o
    0x080019f8   0x080019f8   0x00000018   Code   RO          399    i.GB16_NUM          oled.o
    0x08001a10   0x08001a10   0x00000052   Code   RO         3948    i.GENERAL_TIMClock_Enable  timer.o
    0x08001a62   0x08001a62   0x00000020   Code   RO         3949    i.GENERAL_TIM_Init  timer.o
    0x08001a82   0x08001a82   0x000000ac   Code   RO         3950    i.GENERAL_TIM_Mode_Config  timer.o
    0x08001b2e   0x08001b2e   0x0000004c   Code   RO         3951    i.GENERAL_TIM_NVIC_Config  timer.o
    0x08001b7a   0x08001b7a   0x00000116   Code   RO          984    i.GPIO_Init         stm32f10x_gpio.o
    0x08001c90   0x08001c90   0x00000090   Code   RO          986    i.GPIO_PinRemapConfig  stm32f10x_gpio.o
    0x08001d20   0x08001d20   0x00000012   Code   RO          988    i.GPIO_ReadInputDataBit  stm32f10x_gpio.o
    0x08001d32   0x08001d32   0x00000004   Code   RO          991    i.GPIO_ResetBits    stm32f10x_gpio.o
    0x08001d36   0x08001d36   0x00000004   Code   RO          992    i.GPIO_SetBits      stm32f10x_gpio.o
    0x08001d3a   0x08001d3a   0x00000004   Code   RO          227    i.HardFault_Handler  stm32f10x_it.o
    0x08001d3e   0x08001d3e   0x00000002   PAD
    0x08001d40   0x08001d40   0x00000094   Code   RO            1    i.Hardware_Init     main.o
    0x08001dd4   0x08001dd4   0x00000054   Code   RO          672    i.JR6001_Init       jr6001.o
    0x08001e28   0x08001e28   0x00000028   Code   RO          673    i.JR6001_Instruction  jr6001.o
    0x08001e50   0x08001e50   0x00000084   Code   RO          674    i.JR6001_SendCode   jr6001.o
    0x08001ed4   0x08001ed4   0x00000074   Code   RO          675    i.JR6001_SongControl  jr6001.o
    0x08001f48   0x08001f48   0x00000024   Code   RO          676    i.JR6001_Volumecontrol  jr6001.o
    0x08001f6c   0x08001f6c   0x00000070   Code   RO          374    i.KEY_Scan          key.o
    0x08001fdc   0x08001fdc   0x00000038   Code   RO          375    i.Key_GPIO_Config   key.o
    0x08002014   0x08002014   0x00000044   Code   RO          348    i.LED_Init          led.o
    0x08002058   0x08002058   0x00000038   Code   RO          660    i.Level_GPIO_Config  level.o
    0x08002090   0x08002090   0x00000018   Code   RO          613    i.Light_value       adc.o
    0x080020a8   0x080020a8   0x00000088   Code   RO          762    i.MG996R_Speed      sg90.o
    0x08002130   0x08002130   0x0000001c   Code   RO         3662    i.MQTT_DeleteBuffer  mqttkit.o
    0x0800214c   0x0800214c   0x0000002e   Code   RO         3663    i.MQTT_DumpLength   mqttkit.o
    0x0800217a   0x0800217a   0x00000002   PAD
    0x0800217c   0x0800217c   0x00000204   Code   RO         3572    i.MQTT_FillBuf      onenet.o
    0x08002380   0x08002380   0x00000058   Code   RO         3664    i.MQTT_NewBuffer    mqttkit.o
    0x080023d8   0x080023d8   0x0000008c   Code   RO         3665    i.MQTT_PacketCmdResp  mqttkit.o
    0x08002464   0x08002464   0x000002a0   Code   RO         3666    i.MQTT_PacketConnect  mqttkit.o
    0x08002704   0x08002704   0x000001a2   Code   RO         3669    i.MQTT_PacketPublish  mqttkit.o
    0x080028a6   0x080028a6   0x00000048   Code   RO         3670    i.MQTT_PacketPublishAck  mqttkit.o
    0x080028ee   0x080028ee   0x00000048   Code   RO         3671    i.MQTT_PacketPublishComp  mqttkit.o
    0x08002936   0x08002936   0x00000048   Code   RO         3672    i.MQTT_PacketPublishRec  mqttkit.o
    0x0800297e   0x0800297e   0x00000048   Code   RO         3673    i.MQTT_PacketPublishRel  mqttkit.o
    0x080029c6   0x080029c6   0x000000fe   Code   RO         3676    i.MQTT_PacketSubscribe  mqttkit.o
    0x08002ac4   0x08002ac4   0x00000046   Code   RO         3678    i.MQTT_ReadLength   mqttkit.o
    0x08002b0a   0x08002b0a   0x0000008c   Code   RO         3679    i.MQTT_UnPacketCmd  mqttkit.o
    0x08002b96   0x08002b96   0x0000001e   Code   RO         3680    i.MQTT_UnPacketConnectAck  mqttkit.o
    0x08002bb4   0x08002bb4   0x000001c0   Code   RO         3681    i.MQTT_UnPacketPublish  mqttkit.o
    0x08002d74   0x08002d74   0x0000001e   Code   RO         3682    i.MQTT_UnPacketPublishAck  mqttkit.o
    0x08002d92   0x08002d92   0x0000001e   Code   RO         3683    i.MQTT_UnPacketPublishComp  mqttkit.o
    0x08002db0   0x08002db0   0x0000001e   Code   RO         3684    i.MQTT_UnPacketPublishRec  mqttkit.o
    0x08002dce   0x08002dce   0x00000024   Code   RO         3685    i.MQTT_UnPacketPublishRel  mqttkit.o
    0x08002df2   0x08002df2   0x00000002   PAD
    0x08002df4   0x08002df4   0x00000074   Code   RO         3686    i.MQTT_UnPacketRecv  mqttkit.o
    0x08002e68   0x08002e68   0x00000034   Code   RO         3687    i.MQTT_UnPacketSubscribe  mqttkit.o
    0x08002e9c   0x08002e9c   0x00000012   Code   RO         3688    i.MQTT_UnPacketUnSubscribe  mqttkit.o
    0x08002eae   0x08002eae   0x00000004   Code   RO          228    i.MemManage_Handler  stm32f10x_it.o
    0x08002eb2   0x08002eb2   0x00000002   PAD
    0x08002eb4   0x08002eb4   0x00000070   Code   RO         3574    i.Mqtt_Flage_Info   onenet.o
    0x08002f24   0x08002f24   0x00000068   Code   RO         3575    i.Mqtt_Pwd_Info     onenet.o
    0x08002f8c   0x08002f8c   0x00000002   Code   RO          229    i.NMI_Handler       stm32f10x_it.o
    0x08002f8e   0x08002f8e   0x00000002   PAD
    0x08002f90   0x08002f90   0x00000070   Code   RO          942    i.NVIC_Init         misc.o
    0x08003000   0x08003000   0x00000014   Code   RO          943    i.NVIC_PriorityGroupConfig  misc.o
    0x08003014   0x08003014   0x000000f4   Code   RO            2    i.Net_Init          main.o
    0x08003108   0x08003108   0x0000000a   Code   RO          400    i.OLED_Clear        oled.o
    0x08003112   0x08003112   0x0000001c   Code   RO          402    i.OLED_ColorTurn    oled.o
    0x0800312e   0x0800312e   0x0000002c   Code   RO          405    i.OLED_DisplayTurn  oled.o
    0x0800315a   0x0800315a   0x00000042   Code   RO          408    i.OLED_Fill         oled.o
    0x0800319c   0x0800319c   0x0000011c   Code   RO          409    i.OLED_Init         oled.o
    0x080032b8   0x080032b8   0x00000138   Code   RO          411    i.OLED_ShowCH       oled.o
    0x080033f0   0x080033f0   0x0000002a   Code   RO          415    i.OLED_WR_BP        oled.o
    0x0800341a   0x0800341a   0x00000002   PAD
    0x0800341c   0x0800341c   0x00000084   Code   RO          416    i.OLED_WR_Byte      oled.o
    0x080034a0   0x080034a0   0x000003c0   Code   RO         3577    i.OneNet_RevPro     onenet.o
    0x08003860   0x08003860   0x00000002   Code   RO          230    i.PendSV_Handler    stm32f10x_it.o
    0x08003862   0x08003862   0x00000002   PAD
    0x08003864   0x08003864   0x00000018   Code   RO         2504    i.RCC_ADCCLKConfig  stm32f10x_rcc.o
    0x0800387c   0x0800387c   0x00000020   Code   RO         2505    i.RCC_AHBPeriphClockCmd  stm32f10x_rcc.o
    0x0800389c   0x0800389c   0x00000020   Code   RO         2506    i.RCC_APB1PeriphClockCmd  stm32f10x_rcc.o
    0x080038bc   0x080038bc   0x00000020   Code   RO         2507    i.RCC_APB1PeriphResetCmd  stm32f10x_rcc.o
    0x080038dc   0x080038dc   0x00000020   Code   RO         2508    i.RCC_APB2PeriphClockCmd  stm32f10x_rcc.o
    0x080038fc   0x080038fc   0x00000020   Code   RO         2509    i.RCC_APB2PeriphResetCmd  stm32f10x_rcc.o
    0x0800391c   0x0800391c   0x000000d4   Code   RO         2516    i.RCC_GetClocksFreq  stm32f10x_rcc.o
    0x080039f0   0x080039f0   0x0000002c   Code   RO          648    i.RELAY_GPIO_Config  relay.o
    0x08003a1c   0x08003a1c   0x00000064   Code   RO          580    i.Read_Byte         dht11.o
    0x08003a80   0x08003a80   0x000000ac   Code   RO          581    i.Read_DHT11        dht11.o
    0x08003b2c   0x08003b2c   0x00000098   Code   RO         3848    i.Read_Data         git.o
    0x08003bc4   0x08003bc4   0x0000001c   Code   RO         3849    i.Reset_Threshole_Value  git.o
    0x08003be0   0x08003be0   0x00000002   Code   RO          231    i.SVC_Handler       stm32f10x_it.o
    0x08003be2   0x08003be2   0x00000002   PAD
    0x08003be4   0x08003be4   0x000000ac   Code   RO         3580    i.SendMqtt          onenet.o
    0x08003c90   0x08003c90   0x00000008   Code   RO          314    i.SetSysClock       system_stm32f10x.o
    0x08003c98   0x08003c98   0x000000e0   Code   RO          315    i.SetSysClockTo72   system_stm32f10x.o
    0x08003d78   0x08003d78   0x00000014   Code   RO          614    i.Shake_value       adc.o
    0x08003d8c   0x08003d8c   0x00000058   Code   RO            3    i.SoftWare_Init     main.o
    0x08003de4   0x08003de4   0x000000ec   Code   RO         3581    i.Subscribe         onenet.o
    0x08003ed0   0x08003ed0   0x00000028   Code   RO          946    i.SysTick_CLKSourceConfig  misc.o
    0x08003ef8   0x08003ef8   0x00000002   Code   RO          232    i.SysTick_Handler   stm32f10x_it.o
    0x08003efa   0x08003efa   0x00000002   PAD
    0x08003efc   0x08003efc   0x00000030   Code   RO          795    i.Sys_Restart       delay.o
    0x08003f2c   0x08003f2c   0x00000060   Code   RO          317    i.SystemInit        system_stm32f10x.o
    0x08003f8c   0x08003f8c   0x0000002c   Code   RO          350    i.System_PB34_setIO  led.o
    0x08003fb8   0x08003fb8   0x000000c8   Code   RO          764    i.TIM3_PWM_Init     sg90.o
    0x08004080   0x08004080   0x000000c4   Code   RO         3952    i.TIM4_IRQHandler   timer.o
    0x08004144   0x08004144   0x00000018   Code   RO         1450    i.TIM_ARRPreloadConfig  stm32f10x_tim.o
    0x0800415c   0x0800415c   0x00000006   Code   RO         1456    i.TIM_ClearFlag     stm32f10x_tim.o
    0x08004162   0x08004162   0x00000006   Code   RO         1457    i.TIM_ClearITPendingBit  stm32f10x_tim.o
    0x08004168   0x08004168   0x00000018   Code   RO         1462    i.TIM_Cmd           stm32f10x_tim.o
    0x08004180   0x08004180   0x0000001e   Code   RO         1464    i.TIM_CtrlPWMOutputs  stm32f10x_tim.o
    0x0800419e   0x0800419e   0x00000002   PAD
    0x080041a0   0x080041a0   0x000001e8   Code   RO         1467    i.TIM_DeInit        stm32f10x_tim.o
    0x08004388   0x08004388   0x00000022   Code   RO         1483    i.TIM_GetITStatus   stm32f10x_tim.o
    0x080043aa   0x080043aa   0x00000012   Code   RO         1487    i.TIM_ITConfig      stm32f10x_tim.o
    0x080043bc   0x080043bc   0x00000098   Code   RO         1491    i.TIM_OC1Init       stm32f10x_tim.o
    0x08004454   0x08004454   0x00000012   Code   RO         1494    i.TIM_OC1PreloadConfig  stm32f10x_tim.o
    0x08004466   0x08004466   0x00000004   Code   RO         1523    i.TIM_SetCompare1   stm32f10x_tim.o
    0x0800446a   0x0800446a   0x00000004   Code   RO         1524    i.TIM_SetCompare2   stm32f10x_tim.o
    0x0800446e   0x0800446e   0x00000004   Code   RO         1525    i.TIM_SetCompare3   stm32f10x_tim.o
    0x08004472   0x08004472   0x00000006   Code   RO         1526    i.TIM_SetCompare4   stm32f10x_tim.o
    0x08004478   0x08004478   0x000000a4   Code   RO         1533    i.TIM_TimeBaseInit  stm32f10x_tim.o
    0x0800451c   0x0800451c   0x00000014   Code   RO         3953    i.TimeModule_get    timer.o
    0x08004530   0x08004530   0x00000088   Code   RO          860    i.USART1_IRQHandler  usart.o
    0x080045b8   0x080045b8   0x00000098   Code   RO          720    i.USART2_IRQHandler  usart2.o
    0x08004650   0x08004650   0x0000004c   Code   RO         2836    i.USART3_IRQHandler  esp8266.o
    0x0800469c   0x0800469c   0x00000012   Code   RO         1092    i.USART_ClearFlag   stm32f10x_usart.o
    0x080046ae   0x080046ae   0x00000018   Code   RO         1096    i.USART_Cmd         stm32f10x_usart.o
    0x080046c6   0x080046c6   0x00000002   PAD
    0x080046c8   0x080046c8   0x0000009c   Code   RO         1098    i.USART_DeInit      stm32f10x_usart.o
    0x08004764   0x08004764   0x0000001a   Code   RO         1099    i.USART_GetFlagStatus  stm32f10x_usart.o
    0x0800477e   0x0800477e   0x00000054   Code   RO         1100    i.USART_GetITStatus  stm32f10x_usart.o
    0x080047d2   0x080047d2   0x0000004a   Code   RO         1102    i.USART_ITConfig    stm32f10x_usart.o
    0x0800481c   0x0800481c   0x000000d8   Code   RO         1103    i.USART_Init        stm32f10x_usart.o
    0x080048f4   0x080048f4   0x0000000a   Code   RO         1110    i.USART_ReceiveData  stm32f10x_usart.o
    0x080048fe   0x080048fe   0x00000008   Code   RO         1113    i.USART_SendData    stm32f10x_usart.o
    0x08004906   0x08004906   0x00000002   PAD
    0x08004908   0x08004908   0x00000110   Code   RO         3850    i.Update_device_massage  git.o
    0x08004a18   0x08004a18   0x00000178   Code   RO         3851    i.Update_oled_massage  git.o
    0x08004b90   0x08004b90   0x00000004   Code   RO          233    i.UsageFault_Handler  stm32f10x_it.o
    0x08004b94   0x08004b94   0x000000a0   Code   RO          861    i.Usart1_Init       usart.o
    0x08004c34   0x08004c34   0x000000b0   Code   RO          721    i.Usart2_Init       usart2.o
    0x08004ce4   0x08004ce4   0x000000ac   Code   RO         2837    i.Usart3_Init       esp8266.o
    0x08004d90   0x08004d90   0x00000030   Code   RO         2838    i.Usart3_SendString  esp8266.o
    0x08004dc0   0x08004dc0   0x00000020   Code   RO         4275    i.__0printf         mc_w.l(printfa.o)
    0x08004de0   0x08004de0   0x00000028   Code   RO         4277    i.__0sprintf        mc_w.l(printfa.o)
    0x08004e08   0x08004e08   0x0000005c   Code   RO         4307    i.__free$realloc    mc_w.l(mallocr.o)
    0x08004e64   0x08004e64   0x00000050   Code   RO         4308    i.__malloc$realloc  mc_w.l(mallocr.o)
    0x08004eb4   0x08004eb4   0x0000000e   Code   RO         4409    i.__scatterload_copy  mc_w.l(handlers.o)
    0x08004ec2   0x08004ec2   0x00000002   Code   RO         4410    i.__scatterload_null  mc_w.l(handlers.o)
    0x08004ec4   0x08004ec4   0x0000000e   Code   RO         4411    i.__scatterload_zeroinit  mc_w.l(handlers.o)
    0x08004ed2   0x08004ed2   0x00000002   PAD
    0x08004ed4   0x08004ed4   0x00000184   Code   RO         4282    i._fp_digits        mc_w.l(printfa.o)
    0x08005058   0x08005058   0x0000000e   Code   RO         4335    i._is_digit         mc_w.l(scanf_fp.o)
    0x08005066   0x08005066   0x00000002   PAD
    0x08005068   0x08005068   0x000006dc   Code   RO         4283    i._printf_core      mc_w.l(printfa.o)
    0x08005744   0x08005744   0x00000024   Code   RO         4284    i._printf_post_padding  mc_w.l(printfa.o)
    0x08005768   0x08005768   0x0000002e   Code   RO         4285    i._printf_pre_padding  mc_w.l(printfa.o)
    0x08005796   0x08005796   0x0000000a   Code   RO         4287    i._sputc            mc_w.l(printfa.o)
    0x080057a0   0x080057a0   0x00000048   Code   RO         2896    i.buffer_skip_whitespace  cjson.o
    0x080057e8   0x080057e8   0x00000058   Code   RO         2928    i.cJSON_Delete      cjson.o
    0x08005840   0x08005840   0x00000012   Code   RO         2941    i.cJSON_GetObjectItem  cjson.o
    0x08005852   0x08005852   0x0000001a   Code   RO         2958    i.cJSON_New_Item    cjson.o
    0x0800586c   0x0800586c   0x00000010   Code   RO         2959    i.cJSON_Parse       cjson.o
    0x0800587c   0x0800587c   0x000000d4   Code   RO         2961    i.cJSON_ParseWithLengthOpts  cjson.o
    0x08005950   0x08005950   0x00000028   Code   RO         2962    i.cJSON_ParseWithOpts  cjson.o
    0x08005978   0x08005978   0x00000048   Code   RO         2977    i.case_insensitive_strcmp  cjson.o
    0x080059c0   0x080059c0   0x00000044   Code   RO          796    i.delay_init        delay.o
    0x08005a04   0x08005a04   0x0000004c   Code   RO          797    i.delay_ms          delay.o
    0x08005a50   0x08005a50   0x0000004c   Code   RO          798    i.delay_us          delay.o
    0x08005a9c   0x08005a9c   0x0000001c   Code   RO          867    i.fputc             usart.o
    0x08005ab8   0x08005ab8   0x00000004   Code   RO         2983    i.get_decimal_point  cjson.o
    0x08005abc   0x08005abc   0x00000052   Code   RO         2984    i.get_object_item   cjson.o
    0x08005b0e   0x08005b0e   0x00000002   PAD
    0x08005b10   0x08005b10   0x00000050   Code   RO         4309    i.internal_alloc    mc_w.l(mallocr.o)
    0x08005b60   0x08005b60   0x00000048   Code   RO            4    i.main              main.o
    0x08005ba8   0x08005ba8   0x0000011c   Code   RO         3852    i.massage_parse_json  git.o
    0x08005cc4   0x08005cc4   0x000000f8   Code   RO         2986    i.parse_array       cjson.o
    0x08005dbc   0x08005dbc   0x0000005a   Code   RO         2987    i.parse_hex4        cjson.o
    0x08005e16   0x08005e16   0x00000002   PAD
    0x08005e18   0x08005e18   0x00000138   Code   RO         2988    i.parse_number      cjson.o
    0x08005f50   0x08005f50   0x0000013e   Code   RO         2989    i.parse_object      cjson.o
    0x0800608e   0x0800608e   0x0000018c   Code   RO         2990    i.parse_string      cjson.o
    0x0800621a   0x0800621a   0x00000002   PAD
    0x0800621c   0x0800621c   0x0000013c   Code   RO         2991    i.parse_value       cjson.o
    0x08006358   0x08006358   0x0000006c   Code   RO         4310    i.realloc           mc_w.l(mallocr.o)
    0x080063c4   0x080063c4   0x0000003c   Code   RO         3002    i.skip_utf8_bom     cjson.o
    0x08006400   0x08006400   0x0000001c   Code   RO         4012    i.strtod            m_ws.l(strtod.o)
    0x0800641c   0x0800641c   0x00000008   Code   RO            5    i.task1             main.o
    0x08006424   0x08006424   0x00000120   Code   RO            6    i.task2             main.o
    0x08006544   0x08006544   0x0000001c   Code   RO            7    i.task3             main.o
    0x08006560   0x08006560   0x00000020   Code   RO         3910    i.timer_init        task.o
    0x08006580   0x08006580   0x00000040   Code   RO         3911    i.timer_loop        task.o
    0x080065c0   0x080065c0   0x0000002c   Code   RO         3912    i.timer_start       task.o
    0x080065ec   0x080065ec   0x00000024   Code   RO         3913    i.timer_stop        task.o
    0x08006610   0x08006610   0x00000010   Code   RO         3914    i.timer_ticks       task.o
    0x08006620   0x08006620   0x0000012c   Code   RO         3005    i.utf16_literal_to_utf8  cjson.o
    0x0800674c   0x0800674c   0x00000040   Data   RO         4405    .constdata          mc_w.l(ctype_c.o)
    0x0800678c   0x0800678c   0x0000000b   Data   RO            9    .conststring        main.o
    0x08006797   0x08006797   0x00000001   PAD
    0x08006798   0x08006798   0x00000020   Data   RO         4407    Region$$Table       anon$$obj.o


    Execution Region ER_RW (Exec base: 0x20000000, Load base: 0x080067b8, Size: 0x00000c1c, Max: 0xffffffff, ABSOLUTE, COMPRESSED[0x0000083c])

    Exec Addr    Load Addr    Size         Type   Attr      Idx    E Section Name        Object

    0x20000000   COMPRESSED   0x00000004   Data   RW           10    .data               main.o
    0x20000004   COMPRESSED   0x00000014   Data   RW          318    .data               system_stm32f10x.o
    0x20000018   COMPRESSED   0x00000001   Data   RW          377    .data               key.o
    0x20000019   COMPRESSED   0x00000003   PAD
    0x2000001c   COMPRESSED   0x00000b84   Data   RW          418    .data               oled.o
    0x20000ba0   COMPRESSED   0x00000004   Data   RW          616    .data               adc.o
    0x20000ba4   COMPRESSED   0x00000006   Data   RW          724    .data               usart2.o
    0x20000baa   COMPRESSED   0x00000001   Data   RW          766    .data               sg90.o
    0x20000bab   COMPRESSED   0x00000001   PAD
    0x20000bac   COMPRESSED   0x00000004   Data   RW          799    .data               delay.o
    0x20000bb0   COMPRESSED   0x00000006   Data   RW          869    .data               usart.o
    0x20000bb6   COMPRESSED   0x00000014   Data   RW         2536    .data               stm32f10x_rcc.o
    0x20000bca   COMPRESSED   0x00000004   Data   RW         2840    .data               esp8266.o
    0x20000bce   COMPRESSED   0x00000002   PAD
    0x20000bd0   COMPRESSED   0x00000014   Data   RW         3007    .data               cjson.o
    0x20000be4   COMPRESSED   0x00000004   Data   RW         3583    .data               onenet.o
    0x20000be8   COMPRESSED   0x00000014   Data   RW         3854    .data               git.o
    0x20000bfc   COMPRESSED   0x00000008   Data   RW         3915    .data               task.o
    0x20000c04   COMPRESSED   0x0000000d   Data   RW         3955    .data               timer.o
    0x20000c11   COMPRESSED   0x00000003   PAD
    0x20000c14   COMPRESSED   0x00000004   Data   RW         4379    .data               mc_w.l(mvars.o)
    0x20000c18   COMPRESSED   0x00000004   Data   RW         4380    .data               mc_w.l(mvars.o)


    Execution Region ER_ZI (Exec base: 0x20000c1c, Load base: 0x08006ff4, Size: 0x00002b84, Max: 0xffffffff, ABSOLUTE)

    Exec Addr    Load Addr    Size         Type   Attr      Idx    E Section Name        Object

    0x20000c1c        -       0x00000862   Zero   RW            8    .bss                main.o
    0x2000147e        -       0x00000141   Zero   RW          723    .bss                usart2.o
    0x200015bf        -       0x000000c8   Zero   RW          868    .bss                usart.o
    0x20001687        -       0x00000900   Zero   RW         2839    .bss                esp8266.o
    0x20001f87   0x08006ff4   0x00000001   PAD
    0x20001f88        -       0x00000818   Zero   RW         3853    .bss                git.o
    0x200027a0        -       0x00000c00   Zero   RW          936    HEAP                startup_stm32f10x_hd.o
    0x200033a0        -       0x00000400   Zero   RW          935    STACK               startup_stm32f10x_hd.o


==============================================================================

Image component sizes


      Code (inc. data)   RO Data    RW Data    ZI Data      Debug   Object Name

       344         24          0          4          0       3137   adc.o
      2670         66          0         20          0      17785   cjson.o
       268         36          0          4          0      17388   delay.o
       396         26          0          0          0       3041   dht11.o
      1036        302          0          4       2304       6621   esp8266.o
      1548        294          0         20       2072       7877   git.o
       408         74          0          0          0       3641   jr6001.o
       168         12          0          1          0       1149   key.o
       112         20          0          0          0        983   led.o
        56          4          0          0          0        524   level.o
       876        278         11          4       2146     281133   main.o
       172         22          0          0          0       2081   misc.o
      2934         34          0          0          0      19709   mqttkit.o
       942         38          0       2948          0       6773   oled.o
      2652       1106          0          4          0       7544   onenet.o
        44          6          0          0          0        516   relay.o
       420         22          0          1          0       2157   sg90.o
        36          8        304          0       4096        800   startup_stm32f10x_hd.o
       390         10          0          0          0       7461   stm32f10x_adc.o
       416          8          0          0          0       3446   stm32f10x_dma.o
       448          6          0          0          0       4530   stm32f10x_gpio.o
        26          0          0          0          0       3758   stm32f10x_it.o
       396         56          0         20          0       6747   stm32f10x_rcc.o
       982        126          0          0          0       9564   stm32f10x_tim.o
       616         28          0          0          0       7390   stm32f10x_usart.o
         0          0          0          0          0         32   sys.o
       328         28          0         20          0       2117   system_stm32f10x.o
       192         28          0          8          0       3295   task.o
       578         48          0         13          0       4571   timer.o
       324         26          0          6        200       3714   usart.o
       356         38          0          6        321       3419   usart2.o

    ----------------------------------------------------------------------
     20170       2774        348       3092      11140     442903   Object Totals
         0          0         32          0          0          0   (incl. Generated)
        36          0          1          9          1          0   (incl. Padding)

    ----------------------------------------------------------------------

      Code (inc. data)   RO Data    RW Data    ZI Data      Debug   Library Member Name

        28          0          0          0          0         80   strtod.o
        86          0          0          0          0          0   __dczerorl2.o
        64          0          0          0          0         84   _sgetc.o
        40          6         64          0          0         68   ctype_c.o
         0          0          0          0          0          0   entry.o
         0          0          0          0          0          0   entry10a.o
         0          0          0          0          0          0   entry11a.o
         8          4          0          0          0          0   entry2.o
         4          0          0          0          0          0   entry5.o
         0          0          0          0          0          0   entry7b.o
         0          0          0          0          0          0   entry8b.o
         8          4          0          0          0          0   entry9a.o
        30          0          0          0          0          0   handlers.o
        36          8          0          0          0         68   init.o
        10          0          0          0          0         68   isspace_c.o
         0          0          0          0          0          0   iusefp.o
        30          0          0          0          0         68   llshl.o
        36          0          0          0          0         68   llsshr.o
        32          0          0          0          0         68   llushr.o
       360         30          0          0          0        356   mallocr.o
        36          0          0          0          0         68   memcpya.o
        36          0          0          0          0        108   memseta.o
         0          0          0          8          0          0   mvars.o
      2308         96          0          0          0        604   printfa.o
       878         12          0          0          0        216   scanf_fp.o
        24          0          0          0          0         68   strcat.o
        20          0          0          0          0         68   strchr.o
        28          0          0          0          0         76   strcmp.o
        14          0          0          0          0         68   strlen.o
        40          0          0          0          0         76   strncat.o
        30          0          0          0          0         80   strncmp.o
        36          0          0          0          0         80   strstr.o
       156         12          0          0          0        120   strtod.o
        12          0          0          0          0         68   tolower.o
        44          0          0          0          0         80   uidiv.o
        98          0          0          0          0         92   uldiv.o
        48          0          0          0          0         68   cdcmple.o
        48          0          0          0          0         68   cdrcmple.o
        56          0          0          0          0         88   d2f.o
       334          0          0          0          0        148   dadd.o
       222          0          0          0          0        100   ddiv.o
       186          0          0          0          0        176   depilogue.o
        62          0          0          0          0         80   dfixi.o
        48          0          0          0          0         68   dfixul.o
        26          0          0          0          0         76   dfltui.o
        24          0          0          0          0         76   dfltul.o
       228          0          0          0          0         96   dmul.o
        38          0          0          0          0         68   f2d.o
       110          0          0          0          0        168   fepilogue.o

    ----------------------------------------------------------------------
      5970        172         64          8          0       4080   Library Totals
         8          0          0          0          0          0   (incl. Padding)

    ----------------------------------------------------------------------

      Code (inc. data)   RO Data    RW Data    ZI Data      Debug   Library Name

        28          0          0          0          0         80   m_ws.l
      4504        172         64          8          0       2720   mc_w.l
      1430          0          0          0          0       1280   mf_w.l

    ----------------------------------------------------------------------
      5970        172         64          8          0       4080   Library Totals

    ----------------------------------------------------------------------

==============================================================================


      Code (inc. data)   RO Data    RW Data    ZI Data      Debug   

     26140       2946        412       3100      11140     435359   Grand Totals
     26140       2946        412       2108      11140     435359   ELF Image Totals (compressed)
     26140       2946        412       2108          0          0   ROM Totals

==============================================================================

    Total RO  Size (Code + RO Data)                26552 (  25.93kB)
    Total RW  Size (RW Data + ZI Data)             14240 (  13.91kB)
    Total ROM Size (Code + RO Data + RW Data)      28660 (  27.99kB)

==============================================================================

