<html>
<body>
<pre>
<h1>µVision Build Log</h1>
<h2>Tool Versions:</h2>
IDE-Version: ¦ÌVision V5.40.0.0
Copyright (C) 2024 ARM Ltd and ARM Germany GmbH. All rights reserved.
License Information: 1 1727606470@qq.com, 1, LIC=RC93N-YP04Q-WFVI7-EC2IS-1RV7H-EFX8C
 
Tool Versions:
Toolchain:       MDK-ARM Plus  Version: 5.40.0.3
Toolchain Path:  A:\Keil_v5\ARM\ARMCC\Bin
C Compiler:      Armcc.exe V5.06 update 6 (build 750)
Assembler:       Armasm.exe V5.06 update 6 (build 750)
Linker/Locator:  ArmLink.exe V5.06 update 6 (build 750)
Library Manager: ArmAr.exe V5.06 update 6 (build 750)
Hex Converter:   FromElf.exe V5.06 update 6 (build 750)
CPU DLL:         SARMCM3.DLL V5.40.0.3
Dialog DLL:      DCM.DLL V1.17.5.0
Target DLL:      Segger\JL2CM3.dll V2.99.44.0
Dialog DLL:      TCM.DLL V1.56.4.0
 
<h2>Project:</h2>
D:\BaiduSyncdisk\2023.06.01-2024.06.01\48.1.ÖÇÄÜÓ¤¶ù´²\02.NET\USER\LED.uvprojx
Project File Date:  01/14/2025

<h2>Output:</h2>
*** Using Compiler 'V5.06 update 6 (build 750)', folder: 'A:\Keil_v5\ARM\ARMCC\Bin'
Build target 'KEY'
assembling startup_stm32f10x_hd.s...
compiling system_stm32f10x.c...
compiling main.c...
compiling dht11.c...
compiling JR6001.c...
compiling relay.c...
compiling led.c...
compiling stm32f10x_gpio.c...
compiling delay.c...
compiling key.c...
compiling misc.c...
compiling level.c...
compiling stm32f10x_usart.c...
compiling usart2.c...
compiling flash.c...
compiling usart.c...
compiling stm32f10x_it.c...
compiling stm32f10x_flash.c...
compiling oled.c...
compiling adc.c...
compiling sg90.c...
compiling stm32f10x_tim.c...
compiling stm32f10x_pwr.c...
compiling stm32f10x_adc.c...
compiling stm32f10x_sdio.c...
compiling stm32f10x_iwdg.c...
compiling stm32f10x_wwdg.c...
compiling stm32f10x_rcc.c...
compiling core_cm3.c...
compiling stm32f10x_dma.c...
compiling sys.c...
compiling esp8266.c...
compiling MqttKit.c...
compiling cJSON.c...
compiling onenet.c...
compiling task.c...
compiling git.c...
..\TASK\git\git.c(314): warning:  #177-D: variable "massage"  was declared but never referenced
  	const char *massage;
..\TASK\git\git.c: 1 warning, 0 errors
compiling timer.c...
linking...
Program Size: Code=26140 RO-data=412 RW-data=3100 ZI-data=11140  
FromELF: creating hex file...
"..\OBJ\key.axf" - 0 Error(s), 1 Warning(s).

<h2>Software Packages used:</h2>

Package Vendor: Keil
                http://www.keil.com/pack/Keil.STM32F1xx_DFP.2.4.0.pack
                Keil::STM32F1xx_DFP@2.4.0
                STMicroelectronics STM32F1 Series Device Support, Drivers and Examples

<h2>Collection of Component include folders:</h2>
  A:/Keil_v5/Pack/Keil/STM32F1xx_DFP/2.4.0/Device/Include

<h2>Collection of Component Files used:</h2>
Build Time Elapsed:  00:00:07
</pre>
</body>
</html>
